2025-11-22T04:41:16.4697833Z Current runner version: '2.329.0'
2025-11-22T04:41:16.4732964Z ##[group]Runner Image Provisioner
2025-11-22T04:41:16.4734277Z Hosted Compute Agent
2025-11-22T04:41:16.4735191Z Version: 20251016.436
2025-11-22T04:41:16.4736123Z Commit: 8ab8ac8bfd662a3739dab9fe09456aba92132568
2025-11-22T04:41:16.4737298Z Build Date: 2025-10-15T20:44:12Z
2025-11-22T04:41:16.4738210Z ##[endgroup]
2025-11-22T04:41:16.4739120Z ##[group]Operating System
2025-11-22T04:41:16.4740219Z Ubuntu
2025-11-22T04:41:16.4741103Z 24.04.3
2025-11-22T04:41:16.4741779Z LTS
2025-11-22T04:41:16.4742487Z ##[endgroup]
2025-11-22T04:41:16.4743389Z ##[group]Runner Image
2025-11-22T04:41:16.4744289Z Image: ubuntu-24.04
2025-11-22T04:41:16.4745086Z Version: 20251112.124.1
2025-11-22T04:41:16.4746895Z Included Software: https://github.com/actions/runner-images/blob/ubuntu24/20251112.124/images/ubuntu/Ubuntu2404-Readme.md
2025-11-22T04:41:16.4749578Z Image Release: https://github.com/actions/runner-images/releases/tag/ubuntu24%2F20251112.124
2025-11-22T04:41:16.4751702Z ##[endgroup]
2025-11-22T04:41:16.4753523Z ##[group]GITHUB_TOKEN Permissions
2025-11-22T04:41:16.4756308Z Contents: read
2025-11-22T04:41:16.4757249Z Metadata: read
2025-11-22T04:41:16.4758254Z Packages: read
2025-11-22T04:41:16.4759171Z ##[endgroup]
2025-11-22T04:41:16.4762471Z Secret source: Actions
2025-11-22T04:41:16.4763536Z Prepare workflow directory
2025-11-22T04:41:16.5235148Z Prepare all required actions
2025-11-22T04:41:16.5291562Z Getting action download info
2025-11-22T04:41:17.0084269Z Download action repository 'actions/checkout@v4' (SHA:34e114876b0b11c390a56381ad16ebd13914f8d5)
2025-11-22T04:41:17.8612488Z Download action repository 'actions/setup-python@v5' (SHA:a26af69be951a213d495a4c3e4e4022e16d87065)
2025-11-22T04:41:17.9542942Z Download action repository 'actions/cache@v4' (SHA:0057852bfaa89a56745cba8c7296529d2fc39830)
2025-11-22T04:41:18.0724665Z Download action repository 'codecov/codecov-action@v5' (SHA:5a1091511ad55cbe89839c7260b706298ca349f7)
2025-11-22T04:41:18.4459300Z Getting action download info
2025-11-22T04:41:18.6252818Z Download action repository 'actions/github-script@60a0d83039c74a4aee543508d2ffcb1c3799cdea' (SHA:60a0d83039c74a4aee543508d2ffcb1c3799cdea)
2025-11-22T04:41:19.0291813Z Complete job name: Unit & Integration Tests (3.12.8)
2025-11-22T04:41:19.0984332Z ##[group]Run actions/checkout@v4
2025-11-22T04:41:19.0985578Z with:
2025-11-22T04:41:19.0986323Z   repository: devomnimind/OmniMind
2025-11-22T04:41:19.0987519Z   token: ***
2025-11-22T04:41:19.0988247Z   ssh-strict: true
2025-11-22T04:41:19.0989002Z   ssh-user: git
2025-11-22T04:41:19.0989788Z   persist-credentials: true
2025-11-22T04:41:19.0990856Z   clean: true
2025-11-22T04:41:19.0991648Z   sparse-checkout-cone-mode: true
2025-11-22T04:41:19.0992573Z   fetch-depth: 1
2025-11-22T04:41:19.0993314Z   fetch-tags: false
2025-11-22T04:41:19.0994079Z   show-progress: true
2025-11-22T04:41:19.0994887Z   lfs: false
2025-11-22T04:41:19.0995595Z   submodules: false
2025-11-22T04:41:19.0996380Z   set-safe-directory: true
2025-11-22T04:41:19.0997479Z ##[endgroup]
2025-11-22T04:41:19.2152569Z Syncing repository: devomnimind/OmniMind
2025-11-22T04:41:19.2157527Z ##[group]Getting Git version info
2025-11-22T04:41:19.2159688Z Working directory is '/home/runner/work/OmniMind/OmniMind'
2025-11-22T04:41:19.2163205Z [command]/usr/bin/git version
2025-11-22T04:41:19.2242619Z git version 2.51.2
2025-11-22T04:41:19.2276749Z ##[endgroup]
2025-11-22T04:41:19.2289422Z Temporarily overriding HOME='/home/runner/work/_temp/9401c6a6-f557-493b-91d1-3e9f9b77c599' before making global git config changes
2025-11-22T04:41:19.2295370Z Adding repository directory to the temporary git global config as a safe directory
2025-11-22T04:41:19.2308735Z [command]/usr/bin/git config --global --add safe.directory /home/runner/work/OmniMind/OmniMind
2025-11-22T04:41:19.2348161Z Deleting the contents of '/home/runner/work/OmniMind/OmniMind'
2025-11-22T04:41:19.2353602Z ##[group]Initializing the repository
2025-11-22T04:41:19.2358238Z [command]/usr/bin/git init /home/runner/work/OmniMind/OmniMind
2025-11-22T04:41:19.2482316Z hint: Using 'master' as the name for the initial branch. This default branch name
2025-11-22T04:41:19.2486166Z hint: is subject to change. To configure the initial branch name to use in all
2025-11-22T04:41:19.2490965Z hint: of your new repositories, which will suppress this warning, call:
2025-11-22T04:41:19.2493336Z hint:
2025-11-22T04:41:19.2495054Z hint: 	git config --global init.defaultBranch <name>
2025-11-22T04:41:19.2497251Z hint:
2025-11-22T04:41:19.2499047Z hint: Names commonly chosen instead of 'master' are 'main', 'trunk' and
2025-11-22T04:41:19.2502344Z hint: 'development'. The just-created branch can be renamed via this command:
2025-11-22T04:41:19.2504777Z hint:
2025-11-22T04:41:19.2506021Z hint: 	git branch -m <name>
2025-11-22T04:41:19.2507405Z hint:
2025-11-22T04:41:19.2509298Z hint: Disable this message with "git config set advice.defaultBranchName false"
2025-11-22T04:41:19.2512660Z Initialized empty Git repository in /home/runner/work/OmniMind/OmniMind/.git/
2025-11-22T04:41:19.2519184Z [command]/usr/bin/git remote add origin https://github.com/devomnimind/OmniMind
2025-11-22T04:41:19.2548538Z ##[endgroup]
2025-11-22T04:41:19.2551275Z ##[group]Disabling automatic garbage collection
2025-11-22T04:41:19.2554064Z [command]/usr/bin/git config --local gc.auto 0
2025-11-22T04:41:19.2586933Z ##[endgroup]
2025-11-22T04:41:19.2591273Z ##[group]Setting up auth
2025-11-22T04:41:19.2594402Z [command]/usr/bin/git config --local --name-only --get-regexp core\.sshCommand
2025-11-22T04:41:19.2630151Z [command]/usr/bin/git submodule foreach --recursive sh -c "git config --local --name-only --get-regexp 'core\.sshCommand' && git config --local --unset-all 'core.sshCommand' || :"
2025-11-22T04:41:19.2986478Z [command]/usr/bin/git config --local --name-only --get-regexp http\.https\:\/\/github\.com\/\.extraheader
2025-11-22T04:41:19.3022332Z [command]/usr/bin/git submodule foreach --recursive sh -c "git config --local --name-only --get-regexp 'http\.https\:\/\/github\.com\/\.extraheader' && git config --local --unset-all 'http.https://github.com/.extraheader' || :"
2025-11-22T04:41:19.3254287Z [command]/usr/bin/git config --local --name-only --get-regexp ^includeIf\.gitdir:
2025-11-22T04:41:19.3289012Z [command]/usr/bin/git submodule foreach --recursive git config --local --show-origin --name-only --get-regexp remote.origin.url
2025-11-22T04:41:19.3542640Z [command]/usr/bin/git config --local http.https://github.com/.extraheader AUTHORIZATION: basic ***
2025-11-22T04:41:19.3579513Z ##[endgroup]
2025-11-22T04:41:19.3583459Z ##[group]Fetching the repository
2025-11-22T04:41:19.3592496Z [command]/usr/bin/git -c protocol.version=2 fetch --no-tags --prune --no-recurse-submodules --depth=1 origin +411c77eb6d473282e6ad97d1846d93275cc42208:refs/remotes/origin/master
2025-11-22T04:41:20.0171504Z From https://github.com/devomnimind/OmniMind
2025-11-22T04:41:20.0172878Z  * [new ref]         411c77eb6d473282e6ad97d1846d93275cc42208 -> origin/master
2025-11-22T04:41:20.0240549Z ##[endgroup]
2025-11-22T04:41:20.0241394Z ##[group]Determining the checkout info
2025-11-22T04:41:20.0242310Z ##[endgroup]
2025-11-22T04:41:20.0248484Z [command]/usr/bin/git sparse-checkout disable
2025-11-22T04:41:20.0322337Z [command]/usr/bin/git config --local --unset-all extensions.worktreeConfig
2025-11-22T04:41:20.0377756Z ##[group]Checking out the ref
2025-11-22T04:41:20.0382476Z [command]/usr/bin/git checkout --progress --force -B master refs/remotes/origin/master
2025-11-22T04:41:20.1236859Z Reset branch 'master'
2025-11-22T04:41:20.1251032Z branch 'master' set up to track 'origin/master'.
2025-11-22T04:41:20.1253482Z ##[endgroup]
2025-11-22T04:41:20.1330185Z [command]/usr/bin/git log -1 --format=%H
2025-11-22T04:41:20.1365138Z 411c77eb6d473282e6ad97d1846d93275cc42208
2025-11-22T04:41:20.1760220Z ##[group]Run actions/setup-python@v5
2025-11-22T04:41:20.1760823Z with:
2025-11-22T04:41:20.1761235Z   python-version: 3.12.8
2025-11-22T04:41:20.1761708Z   check-latest: false
2025-11-22T04:41:20.1762707Z   token: ***
2025-11-22T04:41:20.1763122Z   update-environment: true
2025-11-22T04:41:20.1763578Z   allow-prereleases: false
2025-11-22T04:41:20.1764098Z   freethreaded: false
2025-11-22T04:41:20.1764490Z ##[endgroup]
2025-11-22T04:41:20.3679865Z ##[group]Installed versions
2025-11-22T04:41:20.3752536Z Version 3.12.8 was not found in the local cache
2025-11-22T04:41:20.8937826Z Version 3.12.8 is available for downloading
2025-11-22T04:41:20.8951643Z Download from "https://github.com/actions/python-versions/releases/download/3.12.8-12154062663/python-3.12.8-linux-24.04-x64.tar.gz"
2025-11-22T04:41:21.9936581Z Extract downloaded archive
2025-11-22T04:41:22.0052263Z [command]/usr/bin/tar xz --warning=no-unknown-keyword --overwrite -C /home/runner/work/_temp/4fbcc636-8f7e-4948-ad2d-526d3bc467a7 -f /home/runner/work/_temp/61c178f9-f1f2-48f4-9249-ab9db77013ce
2025-11-22T04:41:24.3296683Z Execute installation script
2025-11-22T04:41:24.3391846Z Check if Python hostedtoolcache folder exist...
2025-11-22T04:41:24.3393464Z Create Python 3.12.8 folder
2025-11-22T04:41:24.3407177Z Copy Python binaries to hostedtoolcache folder
2025-11-22T04:41:25.0010747Z Create additional symlinks (Required for the UsePythonVersion Azure Pipelines task and the setup-python GitHub Action)
2025-11-22T04:41:25.0056204Z Upgrading pip...
2025-11-22T04:41:27.8721621Z Looking in links: /tmp/tmpl5h1yiqt
2025-11-22T04:41:27.8725555Z Requirement already satisfied: pip in /opt/hostedtoolcache/Python/3.12.8/x64/lib/python3.12/site-packages (24.3.1)
2025-11-22T04:41:29.0150494Z Collecting pip
2025-11-22T04:41:29.0512064Z Downloading pip-25.3-py3-none-any.whl.metadata (4.7 kB)
2025-11-22T04:41:29.0611266Z Downloading pip-25.3-py3-none-any.whl (1.8 MB)
2025-11-22T04:41:29.0945173Z ━━━━━━━━━━━━━━━━━━━━━━━━━━━━━━━━━━━━━━━━ 1.8/1.8 MB 81.2 MB/s eta 0:00:00
2025-11-22T04:41:29.0948673Z 
2025-11-22T04:41:29.1174292Z Installing collected packages: pip
2025-11-22T04:41:29.1178054Z Attempting uninstall: pip
2025-11-22T04:41:29.1198697Z Found existing installation: pip 24.3.1
2025-11-22T04:41:29.1550573Z Uninstalling pip-24.3.1:
2025-11-22T04:41:29.1607303Z Successfully uninstalled pip-24.3.1
2025-11-22T04:41:30.0474922Z Successfully installed pip-25.3
2025-11-22T04:41:30.1029119Z Create complete file
2025-11-22T04:41:30.1064371Z Successfully set up CPython (3.12.8)
2025-11-22T04:41:30.1070761Z ##[endgroup]
2025-11-22T04:41:30.1776598Z ##[group]Run actions/cache@v4
2025-11-22T04:41:30.1776862Z with:
2025-11-22T04:41:30.1777037Z   path: ~/.cache/pip
2025-11-22T04:41:30.1777428Z   key: Linux-pip-8aeafb4a63e22a6f97e045d5e02ebcfbb6b022c79c8c4be012a8a920311b8d96
2025-11-22T04:41:30.1777847Z   enableCrossOsArchive: false
2025-11-22T04:41:30.1778093Z   fail-on-cache-miss: false
2025-11-22T04:41:30.1778302Z   lookup-only: false
2025-11-22T04:41:30.1778491Z   save-always: false
2025-11-22T04:41:30.1778670Z env:
2025-11-22T04:41:30.1778896Z   pythonLocation: /opt/hostedtoolcache/Python/3.12.8/x64
2025-11-22T04:41:30.1779303Z   PKG_CONFIG_PATH: /opt/hostedtoolcache/Python/3.12.8/x64/lib/pkgconfig
2025-11-22T04:41:30.1779701Z   Python_ROOT_DIR: /opt/hostedtoolcache/Python/3.12.8/x64
2025-11-22T04:41:30.1780405Z   Python2_ROOT_DIR: /opt/hostedtoolcache/Python/3.12.8/x64
2025-11-22T04:41:30.1780765Z   Python3_ROOT_DIR: /opt/hostedtoolcache/Python/3.12.8/x64
2025-11-22T04:41:30.1781154Z   LD_LIBRARY_PATH: /opt/hostedtoolcache/Python/3.12.8/x64/lib
2025-11-22T04:41:30.1781433Z ##[endgroup]
2025-11-22T04:41:30.4567184Z Cache not found for input keys: Linux-pip-8aeafb4a63e22a6f97e045d5e02ebcfbb6b022c79c8c4be012a8a920311b8d96
2025-11-22T04:41:30.4655183Z ##[group]Run sudo apt-get update
2025-11-22T04:41:30.4655544Z [36;1msudo apt-get update[0m
2025-11-22T04:41:30.4655946Z [36;1msudo apt-get install -y libdbus-1-dev pkg-config cmake build-essential libffi-dev[0m
2025-11-22T04:41:30.4694476Z shell: /usr/bin/bash -e {0}
2025-11-22T04:41:30.4694712Z env:
2025-11-22T04:41:30.4694958Z   pythonLocation: /opt/hostedtoolcache/Python/3.12.8/x64
2025-11-22T04:41:30.4695360Z   PKG_CONFIG_PATH: /opt/hostedtoolcache/Python/3.12.8/x64/lib/pkgconfig
2025-11-22T04:41:30.4695994Z   Python_ROOT_DIR: /opt/hostedtoolcache/Python/3.12.8/x64
2025-11-22T04:41:30.4696341Z   Python2_ROOT_DIR: /opt/hostedtoolcache/Python/3.12.8/x64
2025-11-22T04:41:30.4696681Z   Python3_ROOT_DIR: /opt/hostedtoolcache/Python/3.12.8/x64
2025-11-22T04:41:30.4697024Z   LD_LIBRARY_PATH: /opt/hostedtoolcache/Python/3.12.8/x64/lib
2025-11-22T04:41:30.4697302Z ##[endgroup]
2025-11-22T04:41:30.6171428Z Get:1 file:/etc/apt/apt-mirrors.txt Mirrorlist [144 B]
2025-11-22T04:41:30.6891688Z Hit:2 http://azure.archive.ubuntu.com/ubuntu noble InRelease
2025-11-22T04:41:30.6935697Z Get:6 https://packages.microsoft.com/repos/azure-cli noble InRelease [3564 B]
2025-11-22T04:41:30.6973738Z Get:7 https://packages.microsoft.com/ubuntu/24.04/prod noble InRelease [3600 B]
2025-11-22T04:41:30.6991237Z Get:3 http://azure.archive.ubuntu.com/ubuntu noble-updates InRelease [126 kB]
2025-11-22T04:41:30.7072199Z Get:4 http://azure.archive.ubuntu.com/ubuntu noble-backports InRelease [126 kB]
2025-11-22T04:41:30.7162044Z Get:5 http://azure.archive.ubuntu.com/ubuntu noble-security InRelease [126 kB]
2025-11-22T04:41:30.8996017Z Get:8 https://packages.microsoft.com/repos/azure-cli noble/main amd64 Packages [1763 B]
2025-11-22T04:41:31.0389214Z Get:9 https://packages.microsoft.com/ubuntu/24.04/prod noble/main amd64 Packages [72.7 kB]
2025-11-22T04:41:31.0657298Z Get:10 https://packages.microsoft.com/ubuntu/24.04/prod noble/main arm64 Packages [54.5 kB]
2025-11-22T04:41:31.0707407Z Get:11 https://packages.microsoft.com/ubuntu/24.04/prod noble/main armhf Packages [11.2 kB]
2025-11-22T04:41:31.1180569Z Get:12 http://azure.archive.ubuntu.com/ubuntu noble-updates/main amd64 Packages [1620 kB]
2025-11-22T04:41:31.1649058Z Get:13 http://azure.archive.ubuntu.com/ubuntu noble-updates/main Translation-en [303 kB]
2025-11-22T04:41:31.1683194Z Get:14 http://azure.archive.ubuntu.com/ubuntu noble-updates/main amd64 Components [175 kB]
2025-11-22T04:41:31.2268663Z Get:15 http://azure.archive.ubuntu.com/ubuntu noble-updates/main amd64 c-n-f Metadata [15.7 kB]
2025-11-22T04:41:31.2632942Z Get:16 http://azure.archive.ubuntu.com/ubuntu noble-updates/universe amd64 Packages [1500 kB]
2025-11-22T04:41:31.3081357Z Get:17 http://azure.archive.ubuntu.com/ubuntu noble-updates/universe Translation-en [304 kB]
2025-11-22T04:41:31.3630808Z Get:18 http://azure.archive.ubuntu.com/ubuntu noble-updates/universe amd64 Components [377 kB]
2025-11-22T04:41:31.4114134Z Get:19 http://azure.archive.ubuntu.com/ubuntu noble-updates/universe amd64 c-n-f Metadata [31.4 kB]
2025-11-22T04:41:31.4152427Z Get:20 http://azure.archive.ubuntu.com/ubuntu noble-updates/restricted amd64 Packages [2307 kB]
2025-11-22T04:41:31.4652377Z Get:21 http://azure.archive.ubuntu.com/ubuntu noble-updates/restricted Translation-en [526 kB]
2025-11-22T04:41:31.5520750Z Get:22 http://azure.archive.ubuntu.com/ubuntu noble-updates/restricted amd64 Components [212 B]
2025-11-22T04:41:31.5536482Z Get:23 http://azure.archive.ubuntu.com/ubuntu noble-updates/multiverse Translation-en [5808 B]
2025-11-22T04:41:31.5564177Z Get:24 http://azure.archive.ubuntu.com/ubuntu noble-updates/multiverse amd64 Components [940 B]
2025-11-22T04:41:31.5570495Z Get:25 http://azure.archive.ubuntu.com/ubuntu noble-backports/main amd64 Components [7156 B]
2025-11-22T04:41:31.5588055Z Get:26 http://azure.archive.ubuntu.com/ubuntu noble-backports/universe amd64 Components [11.0 kB]
2025-11-22T04:41:31.5616987Z Get:27 http://azure.archive.ubuntu.com/ubuntu noble-backports/restricted amd64 Components [212 B]
2025-11-22T04:41:31.5630074Z Get:28 http://azure.archive.ubuntu.com/ubuntu noble-backports/multiverse amd64 Components [212 B]
2025-11-22T04:41:31.5680805Z Get:29 http://azure.archive.ubuntu.com/ubuntu noble-security/main amd64 Packages [1317 kB]
2025-11-22T04:41:31.6164622Z Get:30 http://azure.archive.ubuntu.com/ubuntu noble-security/main Translation-en [216 kB]
2025-11-22T04:41:31.6231451Z Get:31 http://azure.archive.ubuntu.com/ubuntu noble-security/main amd64 Components [21.6 kB]
2025-11-22T04:41:31.6245913Z Get:32 http://azure.archive.ubuntu.com/ubuntu noble-security/main amd64 c-n-f Metadata [9452 B]
2025-11-22T04:41:31.6278001Z Get:33 http://azure.archive.ubuntu.com/ubuntu noble-security/universe amd64 Packages [909 kB]
2025-11-22T04:41:31.6402352Z Get:34 http://azure.archive.ubuntu.com/ubuntu noble-security/universe Translation-en [205 kB]
2025-11-22T04:41:31.6567082Z Get:35 http://azure.archive.ubuntu.com/ubuntu noble-security/universe amd64 Components [52.2 kB]
2025-11-22T04:41:31.7104800Z Get:36 http://azure.archive.ubuntu.com/ubuntu noble-security/universe amd64 c-n-f Metadata [19.4 kB]
2025-11-22T04:41:31.7141260Z Get:37 http://azure.archive.ubuntu.com/ubuntu noble-security/restricted amd64 Packages [2153 kB]
2025-11-22T04:41:31.7661191Z Get:38 http://azure.archive.ubuntu.com/ubuntu noble-security/restricted Translation-en [490 kB]
2025-11-22T04:41:31.8086789Z Get:39 http://azure.archive.ubuntu.com/ubuntu noble-security/restricted amd64 Components [212 B]
2025-11-22T04:41:31.8090937Z Get:40 http://azure.archive.ubuntu.com/ubuntu noble-security/multiverse Translation-en [5956 B]
2025-11-22T04:41:31.8096385Z Get:41 http://azure.archive.ubuntu.com/ubuntu noble-security/multiverse amd64 Components [208 B]
2025-11-22T04:41:40.9392157Z Fetched 13.1 MB in 2s (6315 kB/s)
2025-11-22T04:41:41.7129775Z Reading package lists...
2025-11-22T04:41:41.7474612Z Reading package lists...
2025-11-22T04:41:41.9449239Z Building dependency tree...
2025-11-22T04:41:41.9456515Z Reading state information...
2025-11-22T04:41:42.1140767Z pkg-config is already the newest version (1.8.1-2build1).
2025-11-22T04:41:42.1142399Z libffi-dev is already the newest version (3.4.6-1build1).
2025-11-22T04:41:42.1143310Z libffi-dev set to manually installed.
2025-11-22T04:41:42.1145076Z The following additional packages will be installed:
2025-11-22T04:41:42.1158060Z   cmake-data libjsoncpp25 librhash0
2025-11-22T04:41:42.1160620Z Suggested packages:
2025-11-22T04:41:42.1161815Z   cmake-doc cmake-format elpa-cmake-mode ninja-build
2025-11-22T04:41:42.1457706Z The following NEW packages will be installed:
2025-11-22T04:41:42.1466870Z   build-essential cmake cmake-data libdbus-1-dev libjsoncpp25 librhash0
2025-11-22T04:41:42.1657809Z 0 upgraded, 6 newly installed, 0 to remove and 49 not upgraded.
2025-11-22T04:41:42.1659641Z Need to get 13.8 MB of archives.
2025-11-22T04:41:42.1660861Z After this operation, 50.1 MB of additional disk space will be used.
2025-11-22T04:41:42.1661502Z Get:1 file:/etc/apt/apt-mirrors.txt Mirrorlist [144 B]
2025-11-22T04:41:42.2073390Z Get:2 http://azure.archive.ubuntu.com/ubuntu noble/main amd64 build-essential amd64 12.10ubuntu1 [4928 B]
2025-11-22T04:41:42.2300821Z Get:3 http://azure.archive.ubuntu.com/ubuntu noble/main amd64 libjsoncpp25 amd64 1.9.5-6build1 [82.8 kB]
2025-11-22T04:41:42.2550541Z Get:4 http://azure.archive.ubuntu.com/ubuntu noble/main amd64 librhash0 amd64 1.4.3-3build1 [129 kB]
2025-11-22T04:41:42.2823470Z Get:5 http://azure.archive.ubuntu.com/ubuntu noble/main amd64 cmake-data all 3.28.3-1build7 [2155 kB]
2025-11-22T04:41:42.3745985Z Get:6 http://azure.archive.ubuntu.com/ubuntu noble/main amd64 cmake amd64 3.28.3-1build7 [11.2 MB]
2025-11-22T04:41:42.7432584Z Get:7 http://azure.archive.ubuntu.com/ubuntu noble-updates/main amd64 libdbus-1-dev amd64 1.14.10-4ubuntu4.1 [190 kB]
2025-11-22T04:41:43.0129112Z Fetched 13.8 MB in 1s (23.2 MB/s)
2025-11-22T04:41:43.0622016Z Selecting previously unselected package build-essential.
2025-11-22T04:41:43.0974308Z (Reading database ... 
2025-11-22T04:41:43.0975205Z (Reading database ... 5%
2025-11-22T04:41:43.0975845Z (Reading database ... 10%
2025-11-22T04:41:43.0976423Z (Reading database ... 15%
2025-11-22T04:41:43.0978686Z (Reading database ... 20%
2025-11-22T04:41:43.0979053Z (Reading database ... 25%
2025-11-22T04:41:43.0979408Z (Reading database ... 30%
2025-11-22T04:41:43.0979607Z (Reading database ... 35%
2025-11-22T04:41:43.0979802Z (Reading database ... 40%
2025-11-22T04:41:43.0980250Z (Reading database ... 45%
2025-11-22T04:41:43.0980697Z (Reading database ... 50%
2025-11-22T04:41:43.1771433Z (Reading database ... 55%
2025-11-22T04:41:43.4389570Z (Reading database ... 60%
2025-11-22T04:41:43.5786579Z (Reading database ... 65%
2025-11-22T04:41:43.6581382Z (Reading database ... 70%
2025-11-22T04:41:43.7348766Z (Reading database ... 75%
2025-11-22T04:41:44.1080224Z (Reading database ... 80%
2025-11-22T04:41:44.6503217Z (Reading database ... 85%
2025-11-22T04:41:45.1609327Z (Reading database ... 90%
2025-11-22T04:41:45.6225213Z (Reading database ... 95%
2025-11-22T04:41:45.6227403Z (Reading database ... 100%
2025-11-22T04:41:45.6230154Z (Reading database ... 216225 files and directories currently installed.)
2025-11-22T04:41:45.6272606Z Preparing to unpack .../0-build-essential_12.10ubuntu1_amd64.deb ...
2025-11-22T04:41:45.6299659Z Unpacking build-essential (12.10ubuntu1) ...
2025-11-22T04:41:45.6535619Z Selecting previously unselected package libjsoncpp25:amd64.
2025-11-22T04:41:45.6668589Z Preparing to unpack .../1-libjsoncpp25_1.9.5-6build1_amd64.deb ...
2025-11-22T04:41:45.6692618Z Unpacking libjsoncpp25:amd64 (1.9.5-6build1) ...
2025-11-22T04:41:45.6929705Z Selecting previously unselected package librhash0:amd64.
2025-11-22T04:41:45.7063082Z Preparing to unpack .../2-librhash0_1.4.3-3build1_amd64.deb ...
2025-11-22T04:41:45.7076374Z Unpacking librhash0:amd64 (1.4.3-3build1) ...
2025-11-22T04:41:45.7356056Z Selecting previously unselected package cmake-data.
2025-11-22T04:41:45.7492000Z Preparing to unpack .../3-cmake-data_3.28.3-1build7_all.deb ...
2025-11-22T04:41:45.7602021Z Unpacking cmake-data (3.28.3-1build7) ...
2025-11-22T04:41:46.4591456Z Selecting previously unselected package cmake.
2025-11-22T04:41:46.4736503Z Preparing to unpack .../4-cmake_3.28.3-1build7_amd64.deb ...
2025-11-22T04:41:46.4747250Z Unpacking cmake (3.28.3-1build7) ...
2025-11-22T04:41:46.6553680Z Selecting previously unselected package libdbus-1-dev:amd64.
2025-11-22T04:41:46.6691389Z Preparing to unpack .../5-libdbus-1-dev_1.14.10-4ubuntu4.1_amd64.deb ...
2025-11-22T04:41:46.6701271Z Unpacking libdbus-1-dev:amd64 (1.14.10-4ubuntu4.1) ...
2025-11-22T04:41:46.7241507Z Setting up libdbus-1-dev:amd64 (1.14.10-4ubuntu4.1) ...
2025-11-22T04:41:46.8900274Z Setting up libjsoncpp25:amd64 (1.9.5-6build1) ...
2025-11-22T04:41:46.8933933Z Setting up librhash0:amd64 (1.4.3-3build1) ...
2025-11-22T04:41:46.8963798Z Setting up build-essential (12.10ubuntu1) ...
2025-11-22T04:41:46.8991825Z Setting up cmake-data (3.28.3-1build7) ...
2025-11-22T04:41:46.9066661Z Setting up cmake (3.28.3-1build7) ...
2025-11-22T04:41:46.9101405Z Processing triggers for libc-bin (2.39-0ubuntu8.6) ...
2025-11-22T04:41:47.0097683Z Processing triggers for man-db (2.12.0-4build2) ...
2025-11-22T04:41:47.0163758Z Not building database; man-db/auto-update is not 'true'.
2025-11-22T04:41:47.0177928Z Processing triggers for sgml-base (1.31) ...
2025-11-22T04:41:47.9930543Z 
2025-11-22T04:41:47.9931590Z Running kernel seems to be up-to-date.
2025-11-22T04:41:47.9932809Z 
2025-11-22T04:41:47.9933020Z No services need to be restarted.
2025-11-22T04:41:47.9933297Z 
2025-11-22T04:41:47.9933457Z No containers need to be restarted.
2025-11-22T04:41:47.9933739Z 
2025-11-22T04:41:47.9933927Z No user sessions are running outdated binaries.
2025-11-22T04:41:47.9934238Z 
2025-11-22T04:41:47.9934540Z No VM guests are running outdated hypervisor (qemu) binaries on this host.
2025-11-22T04:41:48.9333274Z ##[group]Run python -m pip install --upgrade pip
2025-11-22T04:41:48.9333663Z [36;1mpython -m pip install --upgrade pip[0m
2025-11-22T04:41:48.9333953Z [36;1mpip install -r requirements.txt[0m
2025-11-22T04:41:48.9334248Z [36;1mpip install pytest pytest-cov pytest-asyncio[0m
2025-11-22T04:41:48.9372909Z shell: /usr/bin/bash -e {0}
2025-11-22T04:41:48.9373133Z env:
2025-11-22T04:41:48.9373377Z   pythonLocation: /opt/hostedtoolcache/Python/3.12.8/x64
2025-11-22T04:41:48.9373780Z   PKG_CONFIG_PATH: /opt/hostedtoolcache/Python/3.12.8/x64/lib/pkgconfig
2025-11-22T04:41:48.9374175Z   Python_ROOT_DIR: /opt/hostedtoolcache/Python/3.12.8/x64
2025-11-22T04:41:48.9374726Z   Python2_ROOT_DIR: /opt/hostedtoolcache/Python/3.12.8/x64
2025-11-22T04:41:48.9375062Z   Python3_ROOT_DIR: /opt/hostedtoolcache/Python/3.12.8/x64
2025-11-22T04:41:48.9375399Z   LD_LIBRARY_PATH: /opt/hostedtoolcache/Python/3.12.8/x64/lib
2025-11-22T04:41:48.9375673Z ##[endgroup]
2025-11-22T04:41:49.3447327Z Requirement already satisfied: pip in /opt/hostedtoolcache/Python/3.12.8/x64/lib/python3.12/site-packages (25.3)
2025-11-22T04:41:49.9326997Z Processing ./third_party/omniparser
2025-11-22T04:41:49.9342868Z   Installing build dependencies: started
2025-11-22T04:41:50.7702871Z   Installing build dependencies: finished with status 'done'
2025-11-22T04:41:50.7709363Z   Getting requirements to build wheel: started
2025-11-22T04:41:51.2487544Z   Getting requirements to build wheel: finished with status 'done'
2025-11-22T04:41:51.2497369Z   Preparing metadata (pyproject.toml): started
2025-11-22T04:41:51.4452102Z   Preparing metadata (pyproject.toml): finished with status 'done'
2025-11-22T04:41:51.5533975Z Collecting pytest>=9.0.0 (from -r requirements.txt (line 5))
2025-11-22T04:41:51.6112268Z   Downloading pytest-9.0.1-py3-none-any.whl.metadata (7.6 kB)
2025-11-22T04:41:51.6301577Z Collecting pytest-cov>=7.0.0 (from -r requirements.txt (line 6))
2025-11-22T04:41:51.6337980Z   Downloading pytest_cov-7.0.0-py3-none-any.whl.metadata (31 kB)
2025-11-22T04:41:51.6618408Z Collecting pytest-asyncio>=1.3.0 (from -r requirements.txt (line 7))
2025-11-22T04:41:51.6670578Z   Downloading pytest_asyncio-1.3.0-py3-none-any.whl.metadata (4.1 kB)
2025-11-22T04:41:51.7085167Z Collecting pylint>=3.0.0 (from -r requirements.txt (line 8))
2025-11-22T04:41:51.7184532Z   Downloading pylint-4.0.3-py3-none-any.whl.metadata (12 kB)
2025-11-22T04:41:51.8370657Z Collecting mypy>=1.0.0 (from -r requirements.txt (line 9))
2025-11-22T04:41:51.8459092Z   Downloading mypy-1.18.2-cp312-cp312-manylinux2014_x86_64.manylinux_2_17_x86_64.manylinux_2_28_x86_64.whl.metadata (2.2 kB)
2025-11-22T04:41:51.8943490Z Collecting black>=24.0.0 (from -r requirements.txt (line 10))
2025-11-22T04:41:51.8978617Z   Downloading black-25.11.0-cp312-cp312-manylinux2014_x86_64.manylinux_2_17_x86_64.manylinux_2_28_x86_64.whl.metadata (85 kB)
2025-11-22T04:41:51.9884649Z Collecting langchain>=0.1.20 (from -r requirements.txt (line 13))
2025-11-22T04:41:51.9919341Z   Downloading langchain-1.0.8-py3-none-any.whl.metadata (4.9 kB)
2025-11-22T04:41:52.0498820Z Collecting langgraph>=0.0.30 (from -r requirements.txt (line 14))
2025-11-22T04:41:52.0598418Z   Downloading langgraph-1.0.3-py3-none-any.whl.metadata (7.8 kB)
2025-11-22T04:41:52.0884534Z Collecting langchain-community>=0.0.45 (from -r requirements.txt (line 15))
2025-11-22T04:41:52.0940812Z   Downloading langchain_community-0.4.1-py3-none-any.whl.metadata (3.0 kB)
2025-11-22T04:41:52.1148020Z Collecting langchain-ollama>=0.0.1 (from -r requirements.txt (line 16))
2025-11-22T04:41:52.1202884Z   Downloading langchain_ollama-1.0.0-py3-none-any.whl.metadata (2.1 kB)
2025-11-22T04:41:52.1436337Z Collecting llama-cpp-python>=0.2.80 (from -r requirements.txt (line 19))
2025-11-22T04:41:52.1489627Z   Downloading llama_cpp_python-0.3.16.tar.gz (50.7 MB)
2025-11-22T04:41:52.4344473Z      ━━━━━━━━━━━━━━━━━━━━━━━━━━━━━━━━━━━━━━━━ 50.7/50.7 MB 179.0 MB/s  0:00:00
2025-11-22T04:41:53.5493607Z   Installing build dependencies: started
2025-11-22T04:41:54.2344739Z   Installing build dependencies: finished with status 'done'
2025-11-22T04:41:54.2349806Z   Getting requirements to build wheel: started
2025-11-22T04:41:55.0196426Z   Getting requirements to build wheel: finished with status 'done'
2025-11-22T04:41:55.0205203Z   Preparing metadata (pyproject.toml): started
2025-11-22T04:41:55.2531684Z   Preparing metadata (pyproject.toml): finished with status 'done'
2025-11-22T04:41:55.3035996Z Collecting torch>=2.2.0 (from -r requirements.txt (line 20))
2025-11-22T04:41:55.3079077Z   Downloading torch-2.9.1-cp312-cp312-manylinux_2_28_x86_64.whl.metadata (30 kB)
2025-11-22T04:41:55.3566262Z Collecting transformers>=4.37.0 (from -r requirements.txt (line 21))
2025-11-22T04:41:55.3600648Z   Downloading transformers-4.57.1-py3-none-any.whl.metadata (43 kB)
2025-11-22T04:41:55.5636034Z Collecting bitsandbytes>=0.43.0 (from -r requirements.txt (line 22))
2025-11-22T04:41:55.5691764Z   Downloading bitsandbytes-0.48.2-py3-none-manylinux_2_24_x86_64.whl.metadata (10 kB)
2025-11-22T04:41:55.5907586Z Collecting peft>=0.7.0 (from -r requirements.txt (line 23))
2025-11-22T04:41:55.5947188Z   Downloading peft-0.18.0-py3-none-any.whl.metadata (14 kB)
2025-11-22T04:41:55.6226369Z Collecting trl>=0.7.10 (from -r requirements.txt (line 24))
2025-11-22T04:41:55.6265752Z   Downloading trl-0.25.1-py3-none-any.whl.metadata (11 kB)
2025-11-22T04:41:55.6623680Z Collecting datasets>=2.16.0 (from -r requirements.txt (line 25))
2025-11-22T04:41:55.6657650Z   Downloading datasets-4.4.1-py3-none-any.whl.metadata (19 kB)
2025-11-22T04:41:55.7208442Z Collecting accelerate>=0.27.0 (from -r requirements.txt (line 26))
2025-11-22T04:41:55.7239682Z   Downloading accelerate-1.12.0-py3-none-any.whl.metadata (19 kB)
2025-11-22T04:41:55.7531440Z Collecting tensorboard>=2.15.0 (from -r requirements.txt (line 27))
2025-11-22T04:41:55.7567026Z   Downloading tensorboard-2.20.0-py3-none-any.whl.metadata (1.8 kB)
2025-11-22T04:41:55.7872913Z Collecting qdrant-client<2.0.0,>=1.16.0 (from -r requirements.txt (line 30))
2025-11-22T04:41:55.7922542Z   Downloading qdrant_client-1.16.0-py3-none-any.whl.metadata (11 kB)
2025-11-22T04:41:55.9332185Z Collecting pydantic>=2.5.0 (from -r requirements.txt (line 33))
2025-11-22T04:41:55.9371688Z   Downloading pydantic-2.12.4-py3-none-any.whl.metadata (89 kB)
2025-11-22T04:41:55.9584984Z Collecting python-dotenv>=1.0.0 (from -r requirements.txt (line 34))
2025-11-22T04:41:55.9619309Z   Downloading python_dotenv-1.2.1-py3-none-any.whl.metadata (25 kB)
2025-11-22T04:41:56.0023997Z Collecting rich>=13.7.0 (from -r requirements.txt (line 37))
2025-11-22T04:41:56.0115668Z   Downloading rich-14.2.0-py3-none-any.whl.metadata (18 kB)
2025-11-22T04:41:56.0882984Z Collecting psutil>=5.9.6 (from -r requirements.txt (line 38))
2025-11-22T04:41:56.0934528Z   Downloading psutil-7.1.3-cp36-abi3-manylinux2010_x86_64.manylinux_2_12_x86_64.manylinux_2_28_x86_64.whl.metadata (23 kB)
2025-11-22T04:41:56.1376087Z Collecting PyYAML>=6.0.1 (from -r requirements.txt (line 39))
2025-11-22T04:41:56.1409823Z   Downloading pyyaml-6.0.3-cp312-cp312-manylinux2014_x86_64.manylinux_2_17_x86_64.manylinux_2_28_x86_64.whl.metadata (2.4 kB)
2025-11-22T04:41:56.1673442Z Collecting requests>=2.31.0 (from -r requirements.txt (line 40))
2025-11-22T04:41:56.1709768Z   Downloading requests-2.32.5-py3-none-any.whl.metadata (4.9 kB)
2025-11-22T04:41:56.1826977Z Collecting dbus-python>=1.3.0 (from -r requirements.txt (line 43))
2025-11-22T04:41:56.1870371Z   Downloading dbus-python-1.4.0.tar.gz (232 kB)
2025-11-22T04:41:56.2514708Z   Installing build dependencies: started
2025-11-22T04:41:57.4083091Z   Installing build dependencies: finished with status 'done'
2025-11-22T04:41:57.4088969Z   Getting requirements to build wheel: started
2025-11-22T04:41:57.5810186Z   Getting requirements to build wheel: finished with status 'done'
2025-11-22T04:41:57.5817686Z   Preparing metadata (pyproject.toml): started
2025-11-22T04:42:00.5388006Z   Preparing metadata (pyproject.toml): finished with status 'error'
2025-11-22T04:42:00.5742470Z   error: subprocess-exited-with-error
2025-11-22T04:42:00.5743469Z   
2025-11-22T04:42:00.5745709Z   × Preparing metadata (pyproject.toml) did not run successfully.
2025-11-22T04:42:00.5750267Z   │ exit code: 1
2025-11-22T04:42:00.5750685Z   ╰─> [1007 lines of output]
2025-11-22T04:42:00.5752961Z       + meson setup /tmp/pip-install-40psu15g/dbus-python_0ee9677d98b14e43bf2f0a9e1a276127 /tmp/pip-install-40psu15g/dbus-python_0ee9677d98b14e43bf2f0a9e1a276127/.mesonpy-6x0g0783 -Dbuildtype=release -Db_ndebug=if-release -Db_vscrt=md --native-file=/tmp/pip-install-40psu15g/dbus-python_0ee9677d98b14e43bf2f0a9e1a276127/.mesonpy-6x0g0783/meson-python-native-file.ini
2025-11-22T04:42:00.5755685Z       The Meson build system
2025-11-22T04:42:00.5756074Z       Version: 1.9.1
2025-11-22T04:42:00.5756743Z       Source dir: /tmp/pip-install-40psu15g/dbus-python_0ee9677d98b14e43bf2f0a9e1a276127
2025-11-22T04:42:00.5757791Z       Build dir: /tmp/pip-install-40psu15g/dbus-python_0ee9677d98b14e43bf2f0a9e1a276127/.mesonpy-6x0g0783
2025-11-22T04:42:00.5758563Z       Build type: native build
2025-11-22T04:42:00.5758972Z       Project name: dbus-python
2025-11-22T04:42:00.5759367Z       Project version: 1.4.0
2025-11-22T04:42:00.5767630Z       C compiler for the host machine: cc (gcc 13.3.0 "cc (Ubuntu 13.3.0-6ubuntu2~24.04) 13.3.0")
2025-11-22T04:42:00.5768410Z       C linker for the host machine: cc ld.bfd 2.42
2025-11-22T04:42:00.5768887Z       Host machine cpu family: x86_64
2025-11-22T04:42:00.5769305Z       Host machine cpu: x86_64
2025-11-22T04:42:00.5769756Z       Compiler for C supports arguments -fno-common: YES
2025-11-22T04:42:00.5770682Z       Compiler for C supports arguments -Wno-missing-field-initializers: YES
2025-11-22T04:42:00.5771490Z       Compiler for C supports arguments -Wno-declaration-after-statement: YES
2025-11-22T04:42:00.5772166Z       Compiler for C supports arguments -Wno-inline: YES
2025-11-22T04:42:00.5772759Z       Compiler for C supports arguments -Wno-redundant-decls: YES
2025-11-22T04:42:00.5773396Z       Compiler for C supports arguments -Wno-switch-default: YES
2025-11-22T04:42:00.5774028Z       Compiler for C supports arguments -Wno-write-strings: YES
2025-11-22T04:42:00.5774651Z       Compiler for C supports arguments -Wcast-align: YES
2025-11-22T04:42:00.5775314Z       Compiler for C supports arguments -Wdouble-promotion: YES
2025-11-22T04:42:00.5775982Z       Compiler for C supports arguments -Wduplicated-cond: YES
2025-11-22T04:42:00.5776618Z       Compiler for C supports arguments -Wfloat-equal: YES
2025-11-22T04:42:00.5777266Z       Compiler for C supports arguments -Wformat-nonliteral: YES
2025-11-22T04:42:00.5777900Z       Compiler for C supports arguments -Wformat-security: YES
2025-11-22T04:42:00.5778479Z       Compiler for C supports arguments -Wformat=2: YES
2025-11-22T04:42:00.5779036Z       Compiler for C supports arguments -Winit-self: YES
2025-11-22T04:42:00.5779618Z       Compiler for C supports arguments -Wlogical-op: YES
2025-11-22T04:42:00.5780605Z       Compiler for C supports arguments -Wmissing-declarations: YES
2025-11-22T04:42:00.5781332Z       Compiler for C supports arguments -Wmissing-format-attribute: YES
2025-11-22T04:42:00.5782047Z       Compiler for C supports arguments -Wmissing-include-dirs: YES
2025-11-22T04:42:00.5815579Z       Compiler for C supports arguments -Wmissing-noreturn: YES
2025-11-22T04:42:00.5816265Z       Compiler for C supports arguments -Wnull-dereference: YES
2025-11-22T04:42:00.5816798Z       Compiler for C supports arguments -Wpacked: YES
2025-11-22T04:42:00.5817316Z       Compiler for C supports arguments -Wpointer-arith: YES
2025-11-22T04:42:00.5817813Z       Compiler for C supports arguments -Wshadow: YES
2025-11-22T04:42:00.5818523Z       Compiler for C supports arguments -Wswitch-enum: YES
2025-11-22T04:42:00.5819043Z       Compiler for C supports arguments -Wundef: YES
2025-11-22T04:42:00.5819741Z       Compiler for C supports arguments -Wunused-but-set-variable: YES
2025-11-22T04:42:00.5832348Z       Compiler for C supports arguments -Wjump-misses-init: YES
2025-11-22T04:42:00.5833058Z       Compiler for C supports arguments -Wmissing-prototypes: YES
2025-11-22T04:42:00.5833703Z       Compiler for C supports arguments -Wnested-externs: YES
2025-11-22T04:42:00.5834408Z       Compiler for C supports arguments -Wold-style-definition: YES
2025-11-22T04:42:00.5835039Z       Compiler for C supports arguments -Wpointer-sign: YES
2025-11-22T04:42:00.5835676Z       Compiler for C supports arguments -Wstrict-prototypes: YES
2025-11-22T04:42:00.5836336Z       Configuring _dbus-python-config.h using configuration
2025-11-22T04:42:00.5836830Z       
2025-11-22T04:42:00.5837378Z       Executing subproject dbus-gmain
2025-11-22T04:42:00.5837768Z       
2025-11-22T04:42:00.5838089Z       dbus-gmain| Project name: dbus-gmain
2025-11-22T04:42:00.5838566Z       dbus-gmain| Project version: undefined
2025-11-22T04:42:00.5839287Z       dbus-gmain| C compiler for the host machine: cc (gcc 13.3.0 "cc (Ubuntu 13.3.0-6ubuntu2~24.04) 13.3.0")
2025-11-22T04:42:00.5840281Z       dbus-gmain| C linker for the host machine: cc ld.bfd 2.42
2025-11-22T04:42:00.5840970Z       dbus-gmain| Compiler for C supports arguments -fno-common: YES (cached)
2025-11-22T04:42:00.5841864Z       dbus-gmain| Compiler for C supports arguments -Wno-missing-field-initializers: YES (cached)
2025-11-22T04:42:00.5842768Z       dbus-gmain| Compiler for C supports arguments -Wcast-align: YES (cached)
2025-11-22T04:42:00.5843568Z       dbus-gmain| Compiler for C supports arguments -Wdouble-promotion: YES (cached)
2025-11-22T04:42:00.5844390Z       dbus-gmain| Compiler for C supports arguments -Wduplicated-branches: YES
2025-11-22T04:42:00.5845198Z       dbus-gmain| Compiler for C supports arguments -Wduplicated-cond: YES (cached)
2025-11-22T04:42:00.5846100Z       dbus-gmain| Compiler for C supports arguments -Wfloat-equal: YES (cached)
2025-11-22T04:42:00.5846975Z       dbus-gmain| Compiler for C supports arguments -Wformat-nonliteral: YES (cached)
2025-11-22T04:42:00.5847817Z       dbus-gmain| Compiler for C supports arguments -Wformat-security: YES (cached)
2025-11-22T04:42:00.5848614Z       dbus-gmain| Compiler for C supports arguments -Wformat=2: YES (cached)
2025-11-22T04:42:00.5849364Z       dbus-gmain| Compiler for C supports arguments -Winit-self: YES (cached)
2025-11-22T04:42:00.5850320Z       dbus-gmain| Compiler for C supports arguments -Wlogical-op: YES (cached)
2025-11-22T04:42:00.5851164Z       dbus-gmain| Compiler for C supports arguments -Wmissing-declarations: YES (cached)
2025-11-22T04:42:00.5852069Z       dbus-gmain| Compiler for C supports arguments -Wmissing-format-attribute: YES (cached)
2025-11-22T04:42:00.5853022Z       dbus-gmain| Compiler for C supports arguments -Wmissing-include-dirs: YES (cached)
2025-11-22T04:42:00.5853893Z       dbus-gmain| Compiler for C supports arguments -Wmissing-noreturn: YES (cached)
2025-11-22T04:42:00.5854718Z       dbus-gmain| Compiler for C supports arguments -Wnull-dereference: YES (cached)
2025-11-22T04:42:00.5855496Z       dbus-gmain| Compiler for C supports arguments -Wpacked: YES (cached)
2025-11-22T04:42:00.5856268Z       dbus-gmain| Compiler for C supports arguments -Wpointer-arith: YES (cached)
2025-11-22T04:42:00.5857109Z       dbus-gmain| Compiler for C supports arguments -Wredundant-decls: YES
2025-11-22T04:42:00.5857844Z       dbus-gmain| Compiler for C supports arguments -Wshadow: YES (cached)
2025-11-22T04:42:00.5858576Z       dbus-gmain| Compiler for C supports arguments -Wswitch-default: YES
2025-11-22T04:42:00.5859322Z       dbus-gmain| Compiler for C supports arguments -Wswitch-enum: YES (cached)
2025-11-22T04:42:00.5860355Z       dbus-gmain| Compiler for C supports arguments -Wundef: YES (cached)
2025-11-22T04:42:00.5861184Z       dbus-gmain| Compiler for C supports arguments -Wunused-but-set-variable: YES (cached)
2025-11-22T04:42:00.5861998Z       dbus-gmain| Compiler for C supports arguments -Wwrite-strings: YES
2025-11-22T04:42:00.5862780Z       dbus-gmain| Compiler for C supports arguments -Wdeclaration-after-statement: YES
2025-11-22T04:42:00.5863814Z       dbus-gmain| Compiler for C supports arguments -Wjump-misses-init: YES (cached)
2025-11-22T04:42:00.5864677Z       dbus-gmain| Compiler for C supports arguments -Wmissing-prototypes: YES (cached)
2025-11-22T04:42:00.5865501Z       dbus-gmain| Compiler for C supports arguments -Wnested-externs: YES (cached)
2025-11-22T04:42:00.5889563Z       dbus-gmain| Compiler for C supports arguments -Wold-style-definition: YES (cached)
2025-11-22T04:42:00.5890720Z       dbus-gmain| Compiler for C supports arguments -Wpointer-sign: YES (cached)
2025-11-22T04:42:00.5891581Z       dbus-gmain| Compiler for C supports arguments -Wstrict-prototypes: YES (cached)
2025-11-22T04:42:00.5892602Z       dbus-gmain| Found pkg-config: YES (/usr/bin/pkg-config) 1.8.1
2025-11-22T04:42:00.5893251Z       dbus-gmain| Run-time dependency dbus-1 found: YES 1.14.10
2025-11-22T04:42:00.5893858Z       dbus-gmain| Found CMake: /usr/local/bin/cmake (3.31.6)
2025-11-22T04:42:00.5894568Z       dbus-gmain| Run-time dependency glib-2.0 found: NO (tried pkgconfig and cmake)
2025-11-22T04:42:00.5895181Z       
2025-11-22T04:42:00.5895864Z       ../subprojects/dbus-gmain/meson.build:108:11: ERROR: Dependency "glib-2.0" not found, tried pkgconfig and cmake
2025-11-22T04:42:00.5896646Z       
2025-11-22T04:42:00.5897498Z       A full log can be found at /tmp/pip-install-40psu15g/dbus-python_0ee9677d98b14e43bf2f0a9e1a276127/.mesonpy-6x0g0783/meson-logs/meson-log.txt
2025-11-22T04:42:00.5899070Z ##[group]==== CI platform detected, click here for meson-log.txt contents. ====
2025-11-22T04:42:00.5899703Z       Build started at 2025-11-22T04:41:58.675260
2025-11-22T04:42:00.5900527Z       Main binary: /opt/hostedtoolcache/Python/3.12.8/x64/bin/python
2025-11-22T04:42:00.5902038Z       Build Options: -Dbuildtype=release -Db_ndebug=if-release -Db_vscrt=md --native-file=/tmp/pip-install-40psu15g/dbus-python_0ee9677d98b14e43bf2f0a9e1a276127/.mesonpy-6x0g0783/meson-python-native-file.ini
2025-11-22T04:42:00.5903433Z       Python system: Linux
2025-11-22T04:42:00.5903796Z       The Meson build system
2025-11-22T04:42:00.5904154Z       Version: 1.9.1
2025-11-22T04:42:00.5904715Z       Source dir: /tmp/pip-install-40psu15g/dbus-python_0ee9677d98b14e43bf2f0a9e1a276127
2025-11-22T04:42:00.5905720Z       Build dir: /tmp/pip-install-40psu15g/dbus-python_0ee9677d98b14e43bf2f0a9e1a276127/.mesonpy-6x0g0783
2025-11-22T04:42:00.5906477Z       Build type: native build
2025-11-22T04:42:00.5906851Z       Project name: dbus-python
2025-11-22T04:42:00.5907231Z       Project version: 1.4.0
2025-11-22T04:42:00.5907583Z       -----------
2025-11-22T04:42:00.5907951Z       Detecting compiler via: `cc --version` -> 0
2025-11-22T04:42:00.5908395Z       stdout:
2025-11-22T04:42:00.5908726Z       cc (Ubuntu 13.3.0-6ubuntu2~24.04) 13.3.0
2025-11-22T04:42:00.5909227Z       Copyright (C) 2023 Free Software Foundation, Inc.
2025-11-22T04:42:00.5910136Z       This is free software; see the source for copying conditions.  There is NO
2025-11-22T04:42:00.5910984Z       warranty; not even for MERCHANTABILITY or FITNESS FOR A PARTICULAR PURPOSE.
2025-11-22T04:42:00.5911591Z       -----------
2025-11-22T04:42:00.5911955Z       Running command: -cpp -x c -E -dM -
2025-11-22T04:42:00.5912376Z       -----
2025-11-22T04:42:00.5912650Z       -----------
2025-11-22T04:42:00.5913015Z       Detecting linker via: `cc -Wl,--version` -> 0
2025-11-22T04:42:00.5913461Z       stdout:
2025-11-22T04:42:00.5913786Z       GNU ld (GNU Binutils for Ubuntu) 2.42
2025-11-22T04:42:00.5914288Z       Copyright (C) 2024 Free Software Foundation, Inc.
2025-11-22T04:42:00.5914951Z       This program is free software; you may redistribute it under the terms of
2025-11-22T04:42:00.5915747Z       the GNU General Public License version 3 or (at your option) a later version.
2025-11-22T04:42:00.5916411Z       This program has absolutely no warranty.
2025-11-22T04:42:00.5916836Z       -----------
2025-11-22T04:42:00.5917129Z       stderr:
2025-11-22T04:42:00.5917431Z       collect2 version 13.3.0
2025-11-22T04:42:00.5923734Z       /usr/bin/ld -plugin /usr/libexec/gcc/x86_64-linux-gnu/13/liblto_plugin.so -plugin-opt=/usr/libexec/gcc/x86_64-linux-gnu/13/lto-wrapper -plugin-opt=-fresolution=/tmp/ccTBrVtM.res -plugin-opt=-pass-through=-lgcc -plugin-opt=-pass-through=-lgcc_s -plugin-opt=-pass-through=-lc -plugin-opt=-pass-through=-lgcc -plugin-opt=-pass-through=-lgcc_s --build-id --eh-frame-hdr -m elf_x86_64 --hash-style=gnu --as-needed -dynamic-linker /lib64/ld-linux-x86-64.so.2 -pie -z now -z relro /usr/lib/gcc/x86_64-linux-gnu/13/../../../x86_64-linux-gnu/Scrt1.o /usr/lib/gcc/x86_64-linux-gnu/13/../../../x86_64-linux-gnu/crti.o /usr/lib/gcc/x86_64-linux-gnu/13/crtbeginS.o -L/usr/lib/gcc/x86_64-linux-gnu/13 -L/usr/lib/gcc/x86_64-linux-gnu/13/../../../x86_64-linux-gnu -L/usr/lib/gcc/x86_64-linux-gnu/13/../../../../lib -L/lib/x86_64-linux-gnu -L/lib/../lib -L/usr/lib/x86_64-linux-gnu -L/usr/lib/../lib -L/usr/lib/gcc/x86_64-linux-gnu/13/../../.. --version -lgcc --push-state --as-needed -lgcc_s --pop-state -lc -lgcc --push-state --as-needed -lgcc_s --pop-state /usr/lib/gcc/x86_64-linux-gnu/13/crtendS.o /usr/lib/gcc/x86_64-linux-gnu/13/../../../x86_64-linux-gnu/crtn.o
2025-11-22T04:42:00.5930357Z       -----------
2025-11-22T04:42:00.5930668Z       Sanity testing C compiler: cc
2025-11-22T04:42:00.5931055Z       Is cross compiler: False.
2025-11-22T04:42:00.5931716Z       Sanity check compiler command line: cc sanitycheckc.c -o sanitycheckc.exe -D_FILE_OFFSET_BITS=64
2025-11-22T04:42:00.5932455Z       Sanity check compile stdout:
2025-11-22T04:42:00.5932827Z       
2025-11-22T04:42:00.5933091Z       -----
2025-11-22T04:42:00.5933389Z       Sanity check compile stderr:
2025-11-22T04:42:00.5933768Z       
2025-11-22T04:42:00.5934029Z       -----
2025-11-22T04:42:00.5934983Z       Running test binary command:  /tmp/pip-install-40psu15g/dbus-python_0ee9677d98b14e43bf2f0a9e1a276127/.mesonpy-6x0g0783/meson-private/sanitycheckc.exe
2025-11-22T04:42:00.5936069Z       -----------
2025-11-22T04:42:00.5937007Z       Sanity check: `/tmp/pip-install-40psu15g/dbus-python_0ee9677d98b14e43bf2f0a9e1a276127/.mesonpy-6x0g0783/meson-private/sanitycheckc.exe` -> 0
2025-11-22T04:42:00.5938282Z       C compiler for the host machine: cc (gcc 13.3.0 "cc (Ubuntu 13.3.0-6ubuntu2~24.04) 13.3.0")
2025-11-22T04:42:00.5938965Z       C linker for the host machine: cc ld.bfd 2.42
2025-11-22T04:42:00.5939399Z       -----------
2025-11-22T04:42:00.5939782Z       Detecting archiver via: `gcc-ar --version` -> 0
2025-11-22T04:42:00.5940458Z       stdout:
2025-11-22T04:42:00.5940789Z       GNU ar (GNU Binutils for Ubuntu) 2.42
2025-11-22T04:42:00.5941273Z       Copyright (C) 2024 Free Software Foundation, Inc.
2025-11-22T04:42:00.5941934Z       This program is free software; you may redistribute it under the terms of
2025-11-22T04:42:00.5942722Z       the GNU General Public License version 3 or (at your option) any later version.
2025-11-22T04:42:00.5943392Z       This program has absolutely no warranty.
2025-11-22T04:42:00.5943829Z       -----------
2025-11-22T04:42:00.5944127Z       -----------
2025-11-22T04:42:00.5944479Z       Detecting compiler via: `cc --version` -> 0
2025-11-22T04:42:00.5944911Z       stdout:
2025-11-22T04:42:00.5945237Z       cc (Ubuntu 13.3.0-6ubuntu2~24.04) 13.3.0
2025-11-22T04:42:00.5945726Z       Copyright (C) 2023 Free Software Foundation, Inc.
2025-11-22T04:42:00.5946373Z       This is free software; see the source for copying conditions.  There is NO
2025-11-22T04:42:00.5947141Z       warranty; not even for MERCHANTABILITY or FITNESS FOR A PARTICULAR PURPOSE.
2025-11-22T04:42:00.5947736Z       -----------
2025-11-22T04:42:00.5948075Z       Running command: -cpp -x c -E -dM -
2025-11-22T04:42:00.5948485Z       -----
2025-11-22T04:42:00.5948759Z       -----------
2025-11-22T04:42:00.5949122Z       Detecting linker via: `cc -Wl,--version` -> 0
2025-11-22T04:42:00.5949568Z       stdout:
2025-11-22T04:42:00.5950134Z       GNU ld (GNU Binutils for Ubuntu) 2.42
2025-11-22T04:42:00.5950654Z       Copyright (C) 2024 Free Software Foundation, Inc.
2025-11-22T04:42:00.5951466Z       This program is free software; you may redistribute it under the terms of
2025-11-22T04:42:00.5952269Z       the GNU General Public License version 3 or (at your option) a later version.
2025-11-22T04:42:00.5952914Z       This program has absolutely no warranty.
2025-11-22T04:42:00.5953331Z       -----------
2025-11-22T04:42:00.5953617Z       stderr:
2025-11-22T04:42:00.5953909Z       collect2 version 13.3.0
2025-11-22T04:42:00.5960054Z       /usr/bin/ld -plugin /usr/libexec/gcc/x86_64-linux-gnu/13/liblto_plugin.so -plugin-opt=/usr/libexec/gcc/x86_64-linux-gnu/13/lto-wrapper -plugin-opt=-fresolution=/tmp/cckrzK22.res -plugin-opt=-pass-through=-lgcc -plugin-opt=-pass-through=-lgcc_s -plugin-opt=-pass-through=-lc -plugin-opt=-pass-through=-lgcc -plugin-opt=-pass-through=-lgcc_s --build-id --eh-frame-hdr -m elf_x86_64 --hash-style=gnu --as-needed -dynamic-linker /lib64/ld-linux-x86-64.so.2 -pie -z now -z relro /usr/lib/gcc/x86_64-linux-gnu/13/../../../x86_64-linux-gnu/Scrt1.o /usr/lib/gcc/x86_64-linux-gnu/13/../../../x86_64-linux-gnu/crti.o /usr/lib/gcc/x86_64-linux-gnu/13/crtbeginS.o -L/usr/lib/gcc/x86_64-linux-gnu/13 -L/usr/lib/gcc/x86_64-linux-gnu/13/../../../x86_64-linux-gnu -L/usr/lib/gcc/x86_64-linux-gnu/13/../../../../lib -L/lib/x86_64-linux-gnu -L/lib/../lib -L/usr/lib/x86_64-linux-gnu -L/usr/lib/../lib -L/usr/lib/gcc/x86_64-linux-gnu/13/../../.. --version -lgcc --push-state --as-needed -lgcc_s --pop-state -lc -lgcc --push-state --as-needed -lgcc_s --pop-state /usr/lib/gcc/x86_64-linux-gnu/13/crtendS.o /usr/lib/gcc/x86_64-linux-gnu/13/../../../x86_64-linux-gnu/crtn.o
2025-11-22T04:42:00.5966372Z       -----------
2025-11-22T04:42:00.5966711Z       Sanity testing C compiler: cc
2025-11-22T04:42:00.5967126Z       Is cross compiler: False.
2025-11-22T04:42:00.5967821Z       Sanity check compiler command line: cc sanitycheckc.c -o sanitycheckc.exe -D_FILE_OFFSET_BITS=64
2025-11-22T04:42:00.5968561Z       Sanity check compile stdout:
2025-11-22T04:42:00.5968928Z       
2025-11-22T04:42:00.5969186Z       -----
2025-11-22T04:42:00.5969487Z       Sanity check compile stderr:
2025-11-22T04:42:00.5969840Z       
2025-11-22T04:42:00.5970379Z       -----
2025-11-22T04:42:00.5971328Z       Running test binary command:  /tmp/pip-install-40psu15g/dbus-python_0ee9677d98b14e43bf2f0a9e1a276127/.mesonpy-6x0g0783/meson-private/sanitycheckc.exe
2025-11-22T04:42:00.5972364Z       -----------
2025-11-22T04:42:00.5973281Z       Sanity check: `/tmp/pip-install-40psu15g/dbus-python_0ee9677d98b14e43bf2f0a9e1a276127/.mesonpy-6x0g0783/meson-private/sanitycheckc.exe` -> 0
2025-11-22T04:42:00.5974573Z       C compiler for the build machine: cc (gcc 13.3.0 "cc (Ubuntu 13.3.0-6ubuntu2~24.04) 13.3.0")
2025-11-22T04:42:00.5975272Z       C linker for the build machine: cc ld.bfd 2.42
2025-11-22T04:42:00.5975705Z       -----------
2025-11-22T04:42:00.5976068Z       Detecting archiver via: `gcc-ar --version` -> 0
2025-11-22T04:42:00.5976516Z       stdout:
2025-11-22T04:42:00.5976840Z       GNU ar (GNU Binutils for Ubuntu) 2.42
2025-11-22T04:42:00.5977323Z       Copyright (C) 2024 Free Software Foundation, Inc.
2025-11-22T04:42:00.5977969Z       This program is free software; you may redistribute it under the terms of
2025-11-22T04:42:00.5978763Z       the GNU General Public License version 3 or (at your option) any later version.
2025-11-22T04:42:00.5979423Z       This program has absolutely no warranty.
2025-11-22T04:42:00.5979834Z       -----------
2025-11-22T04:42:00.5980333Z       Build machine cpu family: x86_64
2025-11-22T04:42:00.5980713Z       Build machine cpu: x86_64
2025-11-22T04:42:00.5981069Z       Host machine cpu family: x86_64
2025-11-22T04:42:00.5981445Z       Host machine cpu: x86_64
2025-11-22T04:42:00.5981790Z       Target machine cpu family: x86_64
2025-11-22T04:42:00.5982175Z       Target machine cpu: x86_64
2025-11-22T04:42:00.5982498Z       Running compile:
2025-11-22T04:42:00.5983557Z       Working directory:  /tmp/pip-install-40psu15g/dbus-python_0ee9677d98b14e43bf2f0a9e1a276127/.mesonpy-6x0g0783/meson-private/tmp2jy8kv5o
2025-11-22T04:42:00.5984541Z       Code:
2025-11-22T04:42:00.5984820Z       extern int i;
2025-11-22T04:42:00.5985103Z       int i;
2025-11-22T04:42:00.5985370Z       
2025-11-22T04:42:00.5985630Z       -----------
2025-11-22T04:42:00.5987663Z       Command line: `cc /tmp/pip-install-40psu15g/dbus-python_0ee9677d98b14e43bf2f0a9e1a276127/.mesonpy-6x0g0783/meson-private/tmp2jy8kv5o/testfile.c -o /tmp/pip-install-40psu15g/dbus-python_0ee9677d98b14e43bf2f0a9e1a276127/.mesonpy-6x0g0783/meson-private/tmp2jy8kv5o/output.obj -c -D_FILE_OFFSET_BITS=64 -O0 -fno-common` -> 0
2025-11-22T04:42:00.5990125Z       Compiler for C supports arguments -fno-common: YES
2025-11-22T04:42:00.5990861Z       Running compile:
2025-11-22T04:42:00.5991813Z       Working directory:  /tmp/pip-install-40psu15g/dbus-python_0ee9677d98b14e43bf2f0a9e1a276127/.mesonpy-6x0g0783/meson-private/tmpaumef5_a
2025-11-22T04:42:00.5992799Z       Code:
2025-11-22T04:42:00.5993078Z       extern int i;
2025-11-22T04:42:00.5993377Z       int i;
2025-11-22T04:42:00.5993635Z       
2025-11-22T04:42:00.5993900Z       -----------
2025-11-22T04:42:00.5996216Z       Command line: `cc /tmp/pip-install-40psu15g/dbus-python_0ee9677d98b14e43bf2f0a9e1a276127/.mesonpy-6x0g0783/meson-private/tmpaumef5_a/testfile.c -o /tmp/pip-install-40psu15g/dbus-python_0ee9677d98b14e43bf2f0a9e1a276127/.mesonpy-6x0g0783/meson-private/tmpaumef5_a/output.obj -c -D_FILE_OFFSET_BITS=64 -O0 -Wmissing-field-initializers -Wno-missing-field-initializers` -> 0
2025-11-22T04:42:00.5998829Z       Compiler for C supports arguments -Wno-missing-field-initializers: YES
2025-11-22T04:42:00.5999439Z       Running compile:
2025-11-22T04:42:00.6000528Z       Working directory:  /tmp/pip-install-40psu15g/dbus-python_0ee9677d98b14e43bf2f0a9e1a276127/.mesonpy-6x0g0783/meson-private/tmp2vkujd8v
2025-11-22T04:42:00.6001460Z       Code:
2025-11-22T04:42:00.6001702Z       extern int i;
2025-11-22T04:42:00.6001982Z       int i;
2025-11-22T04:42:00.6002224Z       
2025-11-22T04:42:00.6002468Z       -----------
2025-11-22T04:42:00.6004676Z       Command line: `cc /tmp/pip-install-40psu15g/dbus-python_0ee9677d98b14e43bf2f0a9e1a276127/.mesonpy-6x0g0783/meson-private/tmp2vkujd8v/testfile.c -o /tmp/pip-install-40psu15g/dbus-python_0ee9677d98b14e43bf2f0a9e1a276127/.mesonpy-6x0g0783/meson-private/tmp2vkujd8v/output.obj -c -D_FILE_OFFSET_BITS=64 -O0 -Wdeclaration-after-statement -Wno-declaration-after-statement` -> 0
2025-11-22T04:42:00.6007247Z       Compiler for C supports arguments -Wno-declaration-after-statement: YES
2025-11-22T04:42:00.6007857Z       Running compile:
2025-11-22T04:42:00.6008749Z       Working directory:  /tmp/pip-install-40psu15g/dbus-python_0ee9677d98b14e43bf2f0a9e1a276127/.mesonpy-6x0g0783/meson-private/tmpkyb_3szz
2025-11-22T04:42:00.6009713Z       Code:
2025-11-22T04:42:00.6010249Z       extern int i;
2025-11-22T04:42:00.6010543Z       int i;
2025-11-22T04:42:00.6010809Z       
2025-11-22T04:42:00.6011065Z       -----------
2025-11-22T04:42:00.6013127Z       Command line: `cc /tmp/pip-install-40psu15g/dbus-python_0ee9677d98b14e43bf2f0a9e1a276127/.mesonpy-6x0g0783/meson-private/tmpkyb_3szz/testfile.c -o /tmp/pip-install-40psu15g/dbus-python_0ee9677d98b14e43bf2f0a9e1a276127/.mesonpy-6x0g0783/meson-private/tmpkyb_3szz/output.obj -c -D_FILE_OFFSET_BITS=64 -O0 -Winline -Wno-inline` -> 0
2025-11-22T04:42:00.6015320Z       Compiler for C supports arguments -Wno-inline: YES
2025-11-22T04:42:00.6015820Z       Running compile:
2025-11-22T04:42:00.6016722Z       Working directory:  /tmp/pip-install-40psu15g/dbus-python_0ee9677d98b14e43bf2f0a9e1a276127/.mesonpy-6x0g0783/meson-private/tmpk8ncdyb4
2025-11-22T04:42:00.6017673Z       Code:
2025-11-22T04:42:00.6017951Z       extern int i;
2025-11-22T04:42:00.6018242Z       int i;
2025-11-22T04:42:00.6018503Z       
2025-11-22T04:42:00.6018766Z       -----------
2025-11-22T04:42:00.6021249Z       Command line: `cc /tmp/pip-install-40psu15g/dbus-python_0ee9677d98b14e43bf2f0a9e1a276127/.mesonpy-6x0g0783/meson-private/tmpk8ncdyb4/testfile.c -o /tmp/pip-install-40psu15g/dbus-python_0ee9677d98b14e43bf2f0a9e1a276127/.mesonpy-6x0g0783/meson-private/tmpk8ncdyb4/output.obj -c -D_FILE_OFFSET_BITS=64 -O0 -Wredundant-decls -Wno-redundant-decls` -> 0
2025-11-22T04:42:00.6023696Z       Compiler for C supports arguments -Wno-redundant-decls: YES
2025-11-22T04:42:00.6024250Z       Running compile:
2025-11-22T04:42:00.6025148Z       Working directory:  /tmp/pip-install-40psu15g/dbus-python_0ee9677d98b14e43bf2f0a9e1a276127/.mesonpy-6x0g0783/meson-private/tmps_b0ly5g
2025-11-22T04:42:00.6026110Z       Code:
2025-11-22T04:42:00.6026383Z       extern int i;
2025-11-22T04:42:00.6026682Z       int i;
2025-11-22T04:42:00.6027141Z       
2025-11-22T04:42:00.6027401Z       -----------
2025-11-22T04:42:00.6029567Z       Command line: `cc /tmp/pip-install-40psu15g/dbus-python_0ee9677d98b14e43bf2f0a9e1a276127/.mesonpy-6x0g0783/meson-private/tmps_b0ly5g/testfile.c -o /tmp/pip-install-40psu15g/dbus-python_0ee9677d98b14e43bf2f0a9e1a276127/.mesonpy-6x0g0783/meson-private/tmps_b0ly5g/output.obj -c -D_FILE_OFFSET_BITS=64 -O0 -Wswitch-default -Wno-switch-default` -> 0
2025-11-22T04:42:00.6032232Z       Compiler for C supports arguments -Wno-switch-default: YES
2025-11-22T04:42:00.6032759Z       Running compile:
2025-11-22T04:42:00.6033670Z       Working directory:  /tmp/pip-install-40psu15g/dbus-python_0ee9677d98b14e43bf2f0a9e1a276127/.mesonpy-6x0g0783/meson-private/tmpxr_fs70q
2025-11-22T04:42:00.6034636Z       Code:
2025-11-22T04:42:00.6034919Z       extern int i;
2025-11-22T04:42:00.6035208Z       int i;
2025-11-22T04:42:00.6035478Z       
2025-11-22T04:42:00.6035733Z       -----------
2025-11-22T04:42:00.6037846Z       Command line: `cc /tmp/pip-install-40psu15g/dbus-python_0ee9677d98b14e43bf2f0a9e1a276127/.mesonpy-6x0g0783/meson-private/tmpxr_fs70q/testfile.c -o /tmp/pip-install-40psu15g/dbus-python_0ee9677d98b14e43bf2f0a9e1a276127/.mesonpy-6x0g0783/meson-private/tmpxr_fs70q/output.obj -c -D_FILE_OFFSET_BITS=64 -O0 -Wwrite-strings -Wno-write-strings` -> 0
2025-11-22T04:42:00.6040333Z       Compiler for C supports arguments -Wno-write-strings: YES
2025-11-22T04:42:00.6040822Z       Running compile:
2025-11-22T04:42:00.6041689Z       Working directory:  /tmp/pip-install-40psu15g/dbus-python_0ee9677d98b14e43bf2f0a9e1a276127/.mesonpy-6x0g0783/meson-private/tmpr8x0wphq
2025-11-22T04:42:00.6042624Z       Code:
2025-11-22T04:42:00.6042902Z       extern int i;
2025-11-22T04:42:00.6043189Z       int i;
2025-11-22T04:42:00.6043457Z       
2025-11-22T04:42:00.6043718Z       -----------
2025-11-22T04:42:00.6045716Z       Command line: `cc /tmp/pip-install-40psu15g/dbus-python_0ee9677d98b14e43bf2f0a9e1a276127/.mesonpy-6x0g0783/meson-private/tmpr8x0wphq/testfile.c -o /tmp/pip-install-40psu15g/dbus-python_0ee9677d98b14e43bf2f0a9e1a276127/.mesonpy-6x0g0783/meson-private/tmpr8x0wphq/output.obj -c -D_FILE_OFFSET_BITS=64 -O0 -Wcast-align` -> 0
2025-11-22T04:42:00.6047914Z       Compiler for C supports arguments -Wcast-align: YES
2025-11-22T04:42:00.6048374Z       Running compile:
2025-11-22T04:42:00.6049273Z       Working directory:  /tmp/pip-install-40psu15g/dbus-python_0ee9677d98b14e43bf2f0a9e1a276127/.mesonpy-6x0g0783/meson-private/tmp4ej9x528
2025-11-22T04:42:00.6050490Z       Code:
2025-11-22T04:42:00.6050763Z       extern int i;
2025-11-22T04:42:00.6051057Z       int i;
2025-11-22T04:42:00.6051314Z       
2025-11-22T04:42:00.6051573Z       -----------
2025-11-22T04:42:00.6053593Z       Command line: `cc /tmp/pip-install-40psu15g/dbus-python_0ee9677d98b14e43bf2f0a9e1a276127/.mesonpy-6x0g0783/meson-private/tmp4ej9x528/testfile.c -o /tmp/pip-install-40psu15g/dbus-python_0ee9677d98b14e43bf2f0a9e1a276127/.mesonpy-6x0g0783/meson-private/tmp4ej9x528/output.obj -c -D_FILE_OFFSET_BITS=64 -O0 -Wdouble-promotion` -> 0
2025-11-22T04:42:00.6055887Z       Compiler for C supports arguments -Wdouble-promotion: YES
2025-11-22T04:42:00.6056478Z       Running compile:
2025-11-22T04:42:00.6057568Z       Working directory:  /tmp/pip-install-40psu15g/dbus-python_0ee9677d98b14e43bf2f0a9e1a276127/.mesonpy-6x0g0783/meson-private/tmpic9tzaj3
2025-11-22T04:42:00.6058571Z       Code:
2025-11-22T04:42:00.6058840Z       extern int i;
2025-11-22T04:42:00.6059128Z       int i;
2025-11-22T04:42:00.6059386Z       
2025-11-22T04:42:00.6059657Z       -----------
2025-11-22T04:42:00.6061882Z       Command line: `cc /tmp/pip-install-40psu15g/dbus-python_0ee9677d98b14e43bf2f0a9e1a276127/.mesonpy-6x0g0783/meson-private/tmpic9tzaj3/testfile.c -o /tmp/pip-install-40psu15g/dbus-python_0ee9677d98b14e43bf2f0a9e1a276127/.mesonpy-6x0g0783/meson-private/tmpic9tzaj3/output.obj -c -D_FILE_OFFSET_BITS=64 -O0 -Wduplicated-cond` -> 0
2025-11-22T04:42:00.6064153Z       Compiler for C supports arguments -Wduplicated-cond: YES
2025-11-22T04:42:00.6064867Z       Running compile:
2025-11-22T04:42:00.6065761Z       Working directory:  /tmp/pip-install-40psu15g/dbus-python_0ee9677d98b14e43bf2f0a9e1a276127/.mesonpy-6x0g0783/meson-private/tmp6s7dv5wo
2025-11-22T04:42:00.6066702Z       Code:
2025-11-22T04:42:00.6066970Z       extern int i;
2025-11-22T04:42:00.6067270Z       int i;
2025-11-22T04:42:00.6067539Z       
2025-11-22T04:42:00.6067793Z       -----------
2025-11-22T04:42:00.6069821Z       Command line: `cc /tmp/pip-install-40psu15g/dbus-python_0ee9677d98b14e43bf2f0a9e1a276127/.mesonpy-6x0g0783/meson-private/tmp6s7dv5wo/testfile.c -o /tmp/pip-install-40psu15g/dbus-python_0ee9677d98b14e43bf2f0a9e1a276127/.mesonpy-6x0g0783/meson-private/tmp6s7dv5wo/output.obj -c -D_FILE_OFFSET_BITS=64 -O0 -Wfloat-equal` -> 0
2025-11-22T04:42:00.6072303Z       Compiler for C supports arguments -Wfloat-equal: YES
2025-11-22T04:42:00.6072809Z       Running compile:
2025-11-22T04:42:00.6073711Z       Working directory:  /tmp/pip-install-40psu15g/dbus-python_0ee9677d98b14e43bf2f0a9e1a276127/.mesonpy-6x0g0783/meson-private/tmplhnahpt7
2025-11-22T04:42:00.6074663Z       Code:
2025-11-22T04:42:00.6074935Z       extern int i;
2025-11-22T04:42:00.6075214Z       int i;
2025-11-22T04:42:00.6075470Z       
2025-11-22T04:42:00.6075722Z       -----------
2025-11-22T04:42:00.6077760Z       Command line: `cc /tmp/pip-install-40psu15g/dbus-python_0ee9677d98b14e43bf2f0a9e1a276127/.mesonpy-6x0g0783/meson-private/tmplhnahpt7/testfile.c -o /tmp/pip-install-40psu15g/dbus-python_0ee9677d98b14e43bf2f0a9e1a276127/.mesonpy-6x0g0783/meson-private/tmplhnahpt7/output.obj -c -D_FILE_OFFSET_BITS=64 -O0 -Wformat-nonliteral` -> 0
2025-11-22T04:42:00.6080175Z       Compiler for C supports arguments -Wformat-nonliteral: YES
2025-11-22T04:42:00.6080676Z       Running compile:
2025-11-22T04:42:00.6081542Z       Working directory:  /tmp/pip-install-40psu15g/dbus-python_0ee9677d98b14e43bf2f0a9e1a276127/.mesonpy-6x0g0783/meson-private/tmpl5tl07cs
2025-11-22T04:42:00.6082477Z       Code:
2025-11-22T04:42:00.6082751Z       extern int i;
2025-11-22T04:42:00.6083033Z       int i;
2025-11-22T04:42:00.6083303Z       
2025-11-22T04:42:00.6083561Z       -----------
2025-11-22T04:42:00.6085592Z       Command line: `cc /tmp/pip-install-40psu15g/dbus-python_0ee9677d98b14e43bf2f0a9e1a276127/.mesonpy-6x0g0783/meson-private/tmpl5tl07cs/testfile.c -o /tmp/pip-install-40psu15g/dbus-python_0ee9677d98b14e43bf2f0a9e1a276127/.mesonpy-6x0g0783/meson-private/tmpl5tl07cs/output.obj -c -D_FILE_OFFSET_BITS=64 -O0 -Wformat-security` -> 0
2025-11-22T04:42:00.6087843Z       Compiler for C supports arguments -Wformat-security: YES
2025-11-22T04:42:00.6088351Z       Running compile:
2025-11-22T04:42:00.6089247Z       Working directory:  /tmp/pip-install-40psu15g/dbus-python_0ee9677d98b14e43bf2f0a9e1a276127/.mesonpy-6x0g0783/meson-private/tmpnfxidzpl
2025-11-22T04:42:00.6090456Z       Code:
2025-11-22T04:42:00.6090727Z       extern int i;
2025-11-22T04:42:00.6091018Z       int i;
2025-11-22T04:42:00.6091288Z       
2025-11-22T04:42:00.6091548Z       -----------
2025-11-22T04:42:00.6093724Z       Command line: `cc /tmp/pip-install-40psu15g/dbus-python_0ee9677d98b14e43bf2f0a9e1a276127/.mesonpy-6x0g0783/meson-private/tmpnfxidzpl/testfile.c -o /tmp/pip-install-40psu15g/dbus-python_0ee9677d98b14e43bf2f0a9e1a276127/.mesonpy-6x0g0783/meson-private/tmpnfxidzpl/output.obj -c -D_FILE_OFFSET_BITS=64 -O0 -Wformat=2` -> 0
2025-11-22T04:42:00.6095971Z       Compiler for C supports arguments -Wformat=2: YES
2025-11-22T04:42:00.6096462Z       Running compile:
2025-11-22T04:42:00.6097367Z       Working directory:  /tmp/pip-install-40psu15g/dbus-python_0ee9677d98b14e43bf2f0a9e1a276127/.mesonpy-6x0g0783/meson-private/tmph96c2pby
2025-11-22T04:42:00.6098337Z       Code:
2025-11-22T04:42:00.6098608Z       extern int i;
2025-11-22T04:42:00.6098901Z       int i;
2025-11-22T04:42:00.6099168Z       
2025-11-22T04:42:00.6099432Z       -----------
2025-11-22T04:42:00.6101585Z       Command line: `cc /tmp/pip-install-40psu15g/dbus-python_0ee9677d98b14e43bf2f0a9e1a276127/.mesonpy-6x0g0783/meson-private/tmph96c2pby/testfile.c -o /tmp/pip-install-40psu15g/dbus-python_0ee9677d98b14e43bf2f0a9e1a276127/.mesonpy-6x0g0783/meson-private/tmph96c2pby/output.obj -c -D_FILE_OFFSET_BITS=64 -O0 -Winit-self` -> 0
2025-11-22T04:42:00.6103995Z       Compiler for C supports arguments -Winit-self: YES
2025-11-22T04:42:00.6104482Z       Running compile:
2025-11-22T04:42:00.6105380Z       Working directory:  /tmp/pip-install-40psu15g/dbus-python_0ee9677d98b14e43bf2f0a9e1a276127/.mesonpy-6x0g0783/meson-private/tmpl4_loki1
2025-11-22T04:42:00.6106341Z       Code:
2025-11-22T04:42:00.6106605Z       extern int i;
2025-11-22T04:42:00.6106897Z       int i;
2025-11-22T04:42:00.6107160Z       
2025-11-22T04:42:00.6107411Z       -----------
2025-11-22T04:42:00.6109408Z       Command line: `cc /tmp/pip-install-40psu15g/dbus-python_0ee9677d98b14e43bf2f0a9e1a276127/.mesonpy-6x0g0783/meson-private/tmpl4_loki1/testfile.c -o /tmp/pip-install-40psu15g/dbus-python_0ee9677d98b14e43bf2f0a9e1a276127/.mesonpy-6x0g0783/meson-private/tmpl4_loki1/output.obj -c -D_FILE_OFFSET_BITS=64 -O0 -Wlogical-op` -> 0
2025-11-22T04:42:00.6111843Z       Compiler for C supports arguments -Wlogical-op: YES
2025-11-22T04:42:00.6112340Z       Running compile:
2025-11-22T04:42:00.6113251Z       Working directory:  /tmp/pip-install-40psu15g/dbus-python_0ee9677d98b14e43bf2f0a9e1a276127/.mesonpy-6x0g0783/meson-private/tmp1b0h72zx
2025-11-22T04:42:00.6114208Z       Code:
2025-11-22T04:42:00.6114478Z       extern int i;
2025-11-22T04:42:00.6114764Z       int i;
2025-11-22T04:42:00.6115030Z       
2025-11-22T04:42:00.6115285Z       -----------
2025-11-22T04:42:00.6117342Z       Command line: `cc /tmp/pip-install-40psu15g/dbus-python_0ee9677d98b14e43bf2f0a9e1a276127/.mesonpy-6x0g0783/meson-private/tmp1b0h72zx/testfile.c -o /tmp/pip-install-40psu15g/dbus-python_0ee9677d98b14e43bf2f0a9e1a276127/.mesonpy-6x0g0783/meson-private/tmp1b0h72zx/output.obj -c -D_FILE_OFFSET_BITS=64 -O0 -Wmissing-declarations` -> 0
2025-11-22T04:42:00.6119635Z       Compiler for C supports arguments -Wmissing-declarations: YES
2025-11-22T04:42:00.6120352Z       Running compile:
2025-11-22T04:42:00.6121241Z       Working directory:  /tmp/pip-install-40psu15g/dbus-python_0ee9677d98b14e43bf2f0a9e1a276127/.mesonpy-6x0g0783/meson-private/tmp95yv_nbf
2025-11-22T04:42:00.6122198Z       Code:
2025-11-22T04:42:00.6122488Z       extern int i;
2025-11-22T04:42:00.6122777Z       int i;
2025-11-22T04:42:00.6123047Z       
2025-11-22T04:42:00.6123303Z       -----------
2025-11-22T04:42:00.6125361Z       Command line: `cc /tmp/pip-install-40psu15g/dbus-python_0ee9677d98b14e43bf2f0a9e1a276127/.mesonpy-6x0g0783/meson-private/tmp95yv_nbf/testfile.c -o /tmp/pip-install-40psu15g/dbus-python_0ee9677d98b14e43bf2f0a9e1a276127/.mesonpy-6x0g0783/meson-private/tmp95yv_nbf/output.obj -c -D_FILE_OFFSET_BITS=64 -O0 -Wmissing-format-attribute` -> 0
2025-11-22T04:42:00.6127680Z       Compiler for C supports arguments -Wmissing-format-attribute: YES
2025-11-22T04:42:00.6128258Z       Running compile:
2025-11-22T04:42:00.6129152Z       Working directory:  /tmp/pip-install-40psu15g/dbus-python_0ee9677d98b14e43bf2f0a9e1a276127/.mesonpy-6x0g0783/meson-private/tmp0xulad2c
2025-11-22T04:42:00.6130358Z       Code:
2025-11-22T04:42:00.6130642Z       extern int i;
2025-11-22T04:42:00.6130932Z       int i;
2025-11-22T04:42:00.6131194Z       
2025-11-22T04:42:00.6131634Z       -----------
2025-11-22T04:42:00.6133718Z       Command line: `cc /tmp/pip-install-40psu15g/dbus-python_0ee9677d98b14e43bf2f0a9e1a276127/.mesonpy-6x0g0783/meson-private/tmp0xulad2c/testfile.c -o /tmp/pip-install-40psu15g/dbus-python_0ee9677d98b14e43bf2f0a9e1a276127/.mesonpy-6x0g0783/meson-private/tmp0xulad2c/output.obj -c -D_FILE_OFFSET_BITS=64 -O0 -Wmissing-include-dirs` -> 0
2025-11-22T04:42:00.6136008Z       Compiler for C supports arguments -Wmissing-include-dirs: YES
2025-11-22T04:42:00.6136553Z       Running compile:
2025-11-22T04:42:00.6137439Z       Working directory:  /tmp/pip-install-40psu15g/dbus-python_0ee9677d98b14e43bf2f0a9e1a276127/.mesonpy-6x0g0783/meson-private/tmp5xsxzwov
2025-11-22T04:42:00.6138583Z       Code:
2025-11-22T04:42:00.6138852Z       extern int i;
2025-11-22T04:42:00.6139144Z       int i;
2025-11-22T04:42:00.6139397Z       
2025-11-22T04:42:00.6139648Z       -----------
2025-11-22T04:42:00.6141851Z       Command line: `cc /tmp/pip-install-40psu15g/dbus-python_0ee9677d98b14e43bf2f0a9e1a276127/.mesonpy-6x0g0783/meson-private/tmp5xsxzwov/testfile.c -o /tmp/pip-install-40psu15g/dbus-python_0ee9677d98b14e43bf2f0a9e1a276127/.mesonpy-6x0g0783/meson-private/tmp5xsxzwov/output.obj -c -D_FILE_OFFSET_BITS=64 -O0 -Wmissing-noreturn` -> 0
2025-11-22T04:42:00.6144125Z       Compiler for C supports arguments -Wmissing-noreturn: YES
2025-11-22T04:42:00.6144653Z       Running compile:
2025-11-22T04:42:00.6145549Z       Working directory:  /tmp/pip-install-40psu15g/dbus-python_0ee9677d98b14e43bf2f0a9e1a276127/.mesonpy-6x0g0783/meson-private/tmpjro2i5x9
2025-11-22T04:42:00.6146503Z       Code:
2025-11-22T04:42:00.6146775Z       extern int i;
2025-11-22T04:42:00.6147060Z       int i;
2025-11-22T04:42:00.6147326Z       
2025-11-22T04:42:00.6147577Z       -----------
2025-11-22T04:42:00.6149606Z       Command line: `cc /tmp/pip-install-40psu15g/dbus-python_0ee9677d98b14e43bf2f0a9e1a276127/.mesonpy-6x0g0783/meson-private/tmpjro2i5x9/testfile.c -o /tmp/pip-install-40psu15g/dbus-python_0ee9677d98b14e43bf2f0a9e1a276127/.mesonpy-6x0g0783/meson-private/tmpjro2i5x9/output.obj -c -D_FILE_OFFSET_BITS=64 -O0 -Wnull-dereference` -> 0
2025-11-22T04:42:00.6152128Z       Compiler for C supports arguments -Wnull-dereference: YES
2025-11-22T04:42:00.6152658Z       Running compile:
2025-11-22T04:42:00.6153553Z       Working directory:  /tmp/pip-install-40psu15g/dbus-python_0ee9677d98b14e43bf2f0a9e1a276127/.mesonpy-6x0g0783/meson-private/tmp3f74ctac
2025-11-22T04:42:00.6154505Z       Code:
2025-11-22T04:42:00.6154782Z       extern int i;
2025-11-22T04:42:00.6155058Z       int i;
2025-11-22T04:42:00.6155319Z       
2025-11-22T04:42:00.6155577Z       -----------
2025-11-22T04:42:00.6157630Z       Command line: `cc /tmp/pip-install-40psu15g/dbus-python_0ee9677d98b14e43bf2f0a9e1a276127/.mesonpy-6x0g0783/meson-private/tmp3f74ctac/testfile.c -o /tmp/pip-install-40psu15g/dbus-python_0ee9677d98b14e43bf2f0a9e1a276127/.mesonpy-6x0g0783/meson-private/tmp3f74ctac/output.obj -c -D_FILE_OFFSET_BITS=64 -O0 -Wpacked` -> 0
2025-11-22T04:42:00.6159793Z       Compiler for C supports arguments -Wpacked: YES
2025-11-22T04:42:00.6160443Z       Running compile:
2025-11-22T04:42:00.6161322Z       Working directory:  /tmp/pip-install-40psu15g/dbus-python_0ee9677d98b14e43bf2f0a9e1a276127/.mesonpy-6x0g0783/meson-private/tmpsmq5of5g
2025-11-22T04:42:00.6162267Z       Code:
2025-11-22T04:42:00.6162534Z       extern int i;
2025-11-22T04:42:00.6162827Z       int i;
2025-11-22T04:42:00.6163082Z       
2025-11-22T04:42:00.6163344Z       -----------
2025-11-22T04:42:00.6165381Z       Command line: `cc /tmp/pip-install-40psu15g/dbus-python_0ee9677d98b14e43bf2f0a9e1a276127/.mesonpy-6x0g0783/meson-private/tmpsmq5of5g/testfile.c -o /tmp/pip-install-40psu15g/dbus-python_0ee9677d98b14e43bf2f0a9e1a276127/.mesonpy-6x0g0783/meson-private/tmpsmq5of5g/output.obj -c -D_FILE_OFFSET_BITS=64 -O0 -Wpointer-arith` -> 0
2025-11-22T04:42:00.6167600Z       Compiler for C supports arguments -Wpointer-arith: YES
2025-11-22T04:42:00.6168113Z       Running compile:
2025-11-22T04:42:00.6169230Z       Working directory:  /tmp/pip-install-40psu15g/dbus-python_0ee9677d98b14e43bf2f0a9e1a276127/.mesonpy-6x0g0783/meson-private/tmpryfqom6j
2025-11-22T04:42:00.6170474Z       Code:
2025-11-22T04:42:00.6170738Z       extern int i;
2025-11-22T04:42:00.6171015Z       int i;
2025-11-22T04:42:00.6171278Z       
2025-11-22T04:42:00.6171532Z       -----------
2025-11-22T04:42:00.6173522Z       Command line: `cc /tmp/pip-install-40psu15g/dbus-python_0ee9677d98b14e43bf2f0a9e1a276127/.mesonpy-6x0g0783/meson-private/tmpryfqom6j/testfile.c -o /tmp/pip-install-40psu15g/dbus-python_0ee9677d98b14e43bf2f0a9e1a276127/.mesonpy-6x0g0783/meson-private/tmpryfqom6j/output.obj -c -D_FILE_OFFSET_BITS=64 -O0 -Wshadow` -> 0
2025-11-22T04:42:00.6175905Z       Compiler for C supports arguments -Wshadow: YES
2025-11-22T04:42:00.6176379Z       Running compile:
2025-11-22T04:42:00.6177271Z       Working directory:  /tmp/pip-install-40psu15g/dbus-python_0ee9677d98b14e43bf2f0a9e1a276127/.mesonpy-6x0g0783/meson-private/tmp0gfjia8s
2025-11-22T04:42:00.6178195Z       Code:
2025-11-22T04:42:00.6178469Z       extern int i;
2025-11-22T04:42:00.6178751Z       int i;
2025-11-22T04:42:00.6179007Z       
2025-11-22T04:42:00.6179263Z       -----------
2025-11-22T04:42:00.6181425Z       Command line: `cc /tmp/pip-install-40psu15g/dbus-python_0ee9677d98b14e43bf2f0a9e1a276127/.mesonpy-6x0g0783/meson-private/tmp0gfjia8s/testfile.c -o /tmp/pip-install-40psu15g/dbus-python_0ee9677d98b14e43bf2f0a9e1a276127/.mesonpy-6x0g0783/meson-private/tmp0gfjia8s/output.obj -c -D_FILE_OFFSET_BITS=64 -O0 -Wswitch-enum` -> 0
2025-11-22T04:42:00.6183611Z       Compiler for C supports arguments -Wswitch-enum: YES
2025-11-22T04:42:00.6184098Z       Running compile:
2025-11-22T04:42:00.6184975Z       Working directory:  /tmp/pip-install-40psu15g/dbus-python_0ee9677d98b14e43bf2f0a9e1a276127/.mesonpy-6x0g0783/meson-private/tmpydgblabj
2025-11-22T04:42:00.6185900Z       Code:
2025-11-22T04:42:00.6186167Z       extern int i;
2025-11-22T04:42:00.6186464Z       int i;
2025-11-22T04:42:00.6186725Z       
2025-11-22T04:42:00.6186977Z       -----------
2025-11-22T04:42:00.6188958Z       Command line: `cc /tmp/pip-install-40psu15g/dbus-python_0ee9677d98b14e43bf2f0a9e1a276127/.mesonpy-6x0g0783/meson-private/tmpydgblabj/testfile.c -o /tmp/pip-install-40psu15g/dbus-python_0ee9677d98b14e43bf2f0a9e1a276127/.mesonpy-6x0g0783/meson-private/tmpydgblabj/output.obj -c -D_FILE_OFFSET_BITS=64 -O0 -Wundef` -> 0
2025-11-22T04:42:00.6191405Z       Compiler for C supports arguments -Wundef: YES
2025-11-22T04:42:00.6191861Z       Running compile:
2025-11-22T04:42:00.6192764Z       Working directory:  /tmp/pip-install-40psu15g/dbus-python_0ee9677d98b14e43bf2f0a9e1a276127/.mesonpy-6x0g0783/meson-private/tmpmqa1zqoe
2025-11-22T04:42:00.6193735Z       Code:
2025-11-22T04:42:00.6193996Z       extern int i;
2025-11-22T04:42:00.6194286Z       int i;
2025-11-22T04:42:00.6194617Z       
2025-11-22T04:42:00.6194881Z       -----------
2025-11-22T04:42:00.6196960Z       Command line: `cc /tmp/pip-install-40psu15g/dbus-python_0ee9677d98b14e43bf2f0a9e1a276127/.mesonpy-6x0g0783/meson-private/tmpmqa1zqoe/testfile.c -o /tmp/pip-install-40psu15g/dbus-python_0ee9677d98b14e43bf2f0a9e1a276127/.mesonpy-6x0g0783/meson-private/tmpmqa1zqoe/output.obj -c -D_FILE_OFFSET_BITS=64 -O0 -Wunused-but-set-variable` -> 0
2025-11-22T04:42:00.6199335Z       Compiler for C supports arguments -Wunused-but-set-variable: YES
2025-11-22T04:42:00.6200087Z       Running compile:
2025-11-22T04:42:00.6200992Z       Working directory:  /tmp/pip-install-40psu15g/dbus-python_0ee9677d98b14e43bf2f0a9e1a276127/.mesonpy-6x0g0783/meson-private/tmpf9p3z9o2
2025-11-22T04:42:00.6201980Z       Code:
2025-11-22T04:42:00.6202252Z       extern int i;
2025-11-22T04:42:00.6202549Z       int i;
2025-11-22T04:42:00.6202805Z       
2025-11-22T04:42:00.6203064Z       -----------
2025-11-22T04:42:00.6205276Z       Command line: `cc /tmp/pip-install-40psu15g/dbus-python_0ee9677d98b14e43bf2f0a9e1a276127/.mesonpy-6x0g0783/meson-private/tmpf9p3z9o2/testfile.c -o /tmp/pip-install-40psu15g/dbus-python_0ee9677d98b14e43bf2f0a9e1a276127/.mesonpy-6x0g0783/meson-private/tmpf9p3z9o2/output.obj -c -D_FILE_OFFSET_BITS=64 -O0 -Wjump-misses-init` -> 0
2025-11-22T04:42:00.6207583Z       Compiler for C supports arguments -Wjump-misses-init: YES
2025-11-22T04:42:00.6208113Z       Running compile:
2025-11-22T04:42:00.6209037Z       Working directory:  /tmp/pip-install-40psu15g/dbus-python_0ee9677d98b14e43bf2f0a9e1a276127/.mesonpy-6x0g0783/meson-private/tmpsm2c07jq
2025-11-22T04:42:00.6210280Z       Code:
2025-11-22T04:42:00.6210557Z       extern int i;
2025-11-22T04:42:00.6210856Z       int i;
2025-11-22T04:42:00.6211307Z       
2025-11-22T04:42:00.6211571Z       -----------
2025-11-22T04:42:00.6213652Z       Command line: `cc /tmp/pip-install-40psu15g/dbus-python_0ee9677d98b14e43bf2f0a9e1a276127/.mesonpy-6x0g0783/meson-private/tmpsm2c07jq/testfile.c -o /tmp/pip-install-40psu15g/dbus-python_0ee9677d98b14e43bf2f0a9e1a276127/.mesonpy-6x0g0783/meson-private/tmpsm2c07jq/output.obj -c -D_FILE_OFFSET_BITS=64 -O0 -Wmissing-prototypes` -> 0
2025-11-22T04:42:00.6215916Z       Compiler for C supports arguments -Wmissing-prototypes: YES
2025-11-22T04:42:00.6216461Z       Running compile:
2025-11-22T04:42:00.6217361Z       Working directory:  /tmp/pip-install-40psu15g/dbus-python_0ee9677d98b14e43bf2f0a9e1a276127/.mesonpy-6x0g0783/meson-private/tmpmlyo7kg3
2025-11-22T04:42:00.6218312Z       Code:
2025-11-22T04:42:00.6218594Z       extern int i;
2025-11-22T04:42:00.6218880Z       int i;
2025-11-22T04:42:00.6219143Z       
2025-11-22T04:42:00.6219400Z       -----------
2025-11-22T04:42:00.6221595Z       Command line: `cc /tmp/pip-install-40psu15g/dbus-python_0ee9677d98b14e43bf2f0a9e1a276127/.mesonpy-6x0g0783/meson-private/tmpmlyo7kg3/testfile.c -o /tmp/pip-install-40psu15g/dbus-python_0ee9677d98b14e43bf2f0a9e1a276127/.mesonpy-6x0g0783/meson-private/tmpmlyo7kg3/output.obj -c -D_FILE_OFFSET_BITS=64 -O0 -Wnested-externs` -> 0
2025-11-22T04:42:00.6223882Z       Compiler for C supports arguments -Wnested-externs: YES
2025-11-22T04:42:00.6224385Z       Running compile:
2025-11-22T04:42:00.6225284Z       Working directory:  /tmp/pip-install-40psu15g/dbus-python_0ee9677d98b14e43bf2f0a9e1a276127/.mesonpy-6x0g0783/meson-private/tmpia8q7i7z
2025-11-22T04:42:00.6226239Z       Code:
2025-11-22T04:42:00.6226517Z       extern int i;
2025-11-22T04:42:00.6226799Z       int i;
2025-11-22T04:42:00.6227066Z       
2025-11-22T04:42:00.6227321Z       -----------
2025-11-22T04:42:00.6229388Z       Command line: `cc /tmp/pip-install-40psu15g/dbus-python_0ee9677d98b14e43bf2f0a9e1a276127/.mesonpy-6x0g0783/meson-private/tmpia8q7i7z/testfile.c -o /tmp/pip-install-40psu15g/dbus-python_0ee9677d98b14e43bf2f0a9e1a276127/.mesonpy-6x0g0783/meson-private/tmpia8q7i7z/output.obj -c -D_FILE_OFFSET_BITS=64 -O0 -Wold-style-definition` -> 0
2025-11-22T04:42:00.6231983Z       Compiler for C supports arguments -Wold-style-definition: YES
2025-11-22T04:42:00.6232518Z       Running compile:
2025-11-22T04:42:00.6233424Z       Working directory:  /tmp/pip-install-40psu15g/dbus-python_0ee9677d98b14e43bf2f0a9e1a276127/.mesonpy-6x0g0783/meson-private/tmp7nzifcvg
2025-11-22T04:42:00.6234381Z       Code:
2025-11-22T04:42:00.6234645Z       extern int i;
2025-11-22T04:42:00.6234936Z       int i;
2025-11-22T04:42:00.6235197Z       
2025-11-22T04:42:00.6235465Z       -----------
2025-11-22T04:42:00.6237494Z       Command line: `cc /tmp/pip-install-40psu15g/dbus-python_0ee9677d98b14e43bf2f0a9e1a276127/.mesonpy-6x0g0783/meson-private/tmp7nzifcvg/testfile.c -o /tmp/pip-install-40psu15g/dbus-python_0ee9677d98b14e43bf2f0a9e1a276127/.mesonpy-6x0g0783/meson-private/tmp7nzifcvg/output.obj -c -D_FILE_OFFSET_BITS=64 -O0 -Wpointer-sign` -> 0
2025-11-22T04:42:00.6239737Z       Compiler for C supports arguments -Wpointer-sign: YES
2025-11-22T04:42:00.6240426Z       Running compile:
2025-11-22T04:42:00.6241310Z       Working directory:  /tmp/pip-install-40psu15g/dbus-python_0ee9677d98b14e43bf2f0a9e1a276127/.mesonpy-6x0g0783/meson-private/tmpk3mdus1l
2025-11-22T04:42:00.6242434Z       Code:
2025-11-22T04:42:00.6242713Z       extern int i;
2025-11-22T04:42:00.6242998Z       int i;
2025-11-22T04:42:00.6243233Z       
2025-11-22T04:42:00.6243480Z       -----------
2025-11-22T04:42:00.6245516Z       Command line: `cc /tmp/pip-install-40psu15g/dbus-python_0ee9677d98b14e43bf2f0a9e1a276127/.mesonpy-6x0g0783/meson-private/tmpk3mdus1l/testfile.c -o /tmp/pip-install-40psu15g/dbus-python_0ee9677d98b14e43bf2f0a9e1a276127/.mesonpy-6x0g0783/meson-private/tmpk3mdus1l/output.obj -c -D_FILE_OFFSET_BITS=64 -O0 -Wstrict-prototypes` -> 0
2025-11-22T04:42:00.6247800Z       Compiler for C supports arguments -Wstrict-prototypes: YES
2025-11-22T04:42:00.6248618Z       Configuring _dbus-python-config.h using configuration
2025-11-22T04:42:00.6249102Z       
2025-11-22T04:42:00.6249415Z       Executing subproject dbus-gmain
2025-11-22T04:42:00.6249796Z       
2025-11-22T04:42:00.6250349Z       Project name: dbus-gmain
2025-11-22T04:42:00.6250743Z       Project version: undefined
2025-11-22T04:42:00.6251359Z       C compiler for the host machine: cc (gcc 13.3.0 "cc (Ubuntu 13.3.0-6ubuntu2~24.04) 13.3.0")
2025-11-22T04:42:00.6252056Z       C linker for the host machine: cc ld.bfd 2.42
2025-11-22T04:42:00.6252720Z       C compiler for the build machine: cc (gcc 13.3.0 "cc (Ubuntu 13.3.0-6ubuntu2~24.04) 13.3.0")
2025-11-22T04:42:00.6253402Z       C linker for the build machine: cc ld.bfd 2.42
2025-11-22T04:42:00.6253857Z       Using cached compile:
2025-11-22T04:42:00.6255946Z       Cached command line:  cc /tmp/pip-install-40psu15g/dbus-python_0ee9677d98b14e43bf2f0a9e1a276127/.mesonpy-6x0g0783/meson-private/tmp2jy8kv5o/testfile.c -o /tmp/pip-install-40psu15g/dbus-python_0ee9677d98b14e43bf2f0a9e1a276127/.mesonpy-6x0g0783/meson-private/tmp2jy8kv5o/output.obj -c -D_FILE_OFFSET_BITS=64 -O0 -fno-common
2025-11-22T04:42:00.6258131Z       
2025-11-22T04:42:00.6258394Z       Code:
2025-11-22T04:42:00.6258676Z        extern int i;
2025-11-22T04:42:00.6258980Z       int i;
2025-11-22T04:42:00.6259258Z       
2025-11-22T04:42:00.6259544Z       Cached compiler stdout:
2025-11-22T04:42:00.6260073Z       
2025-11-22T04:42:00.6260345Z       Cached compiler stderr:
2025-11-22T04:42:00.6260665Z       
2025-11-22T04:42:00.6261050Z       Compiler for C supports arguments -fno-common: YES (cached)
2025-11-22T04:42:00.6261568Z       Using cached compile:
2025-11-22T04:42:00.6263888Z       Cached command line:  cc /tmp/pip-install-40psu15g/dbus-python_0ee9677d98b14e43bf2f0a9e1a276127/.mesonpy-6x0g0783/meson-private/tmpaumef5_a/testfile.c -o /tmp/pip-install-40psu15g/dbus-python_0ee9677d98b14e43bf2f0a9e1a276127/.mesonpy-6x0g0783/meson-private/tmpaumef5_a/output.obj -c -D_FILE_OFFSET_BITS=64 -O0 -Wmissing-field-initializers -Wno-missing-field-initializers
2025-11-22T04:42:00.6266252Z       
2025-11-22T04:42:00.6266512Z       Code:
2025-11-22T04:42:00.6266782Z        extern int i;
2025-11-22T04:42:00.6267084Z       int i;
2025-11-22T04:42:00.6267349Z       
2025-11-22T04:42:00.6267624Z       Cached compiler stdout:
2025-11-22T04:42:00.6267974Z       
2025-11-22T04:42:00.6268244Z       Cached compiler stderr:
2025-11-22T04:42:00.6268578Z       
2025-11-22T04:42:00.6269087Z       Compiler for C supports arguments -Wno-missing-field-initializers: YES (cached)
2025-11-22T04:42:00.6269743Z       Using cached compile:
2025-11-22T04:42:00.6272083Z       Cached command line:  cc /tmp/pip-install-40psu15g/dbus-python_0ee9677d98b14e43bf2f0a9e1a276127/.mesonpy-6x0g0783/meson-private/tmpr8x0wphq/testfile.c -o /tmp/pip-install-40psu15g/dbus-python_0ee9677d98b14e43bf2f0a9e1a276127/.mesonpy-6x0g0783/meson-private/tmpr8x0wphq/output.obj -c -D_FILE_OFFSET_BITS=64 -O0 -Wcast-align
2025-11-22T04:42:00.6274179Z       
2025-11-22T04:42:00.6274441Z       Code:
2025-11-22T04:42:00.6274713Z        extern int i;
2025-11-22T04:42:00.6275016Z       int i;
2025-11-22T04:42:00.6275274Z       
2025-11-22T04:42:00.6275563Z       Cached compiler stdout:
2025-11-22T04:42:00.6275909Z       
2025-11-22T04:42:00.6276193Z       Cached compiler stderr:
2025-11-22T04:42:00.6276700Z       
2025-11-22T04:42:00.6277128Z       Compiler for C supports arguments -Wcast-align: YES (cached)
2025-11-22T04:42:00.6277672Z       Using cached compile:
2025-11-22T04:42:00.6279778Z       Cached command line:  cc /tmp/pip-install-40psu15g/dbus-python_0ee9677d98b14e43bf2f0a9e1a276127/.mesonpy-6x0g0783/meson-private/tmp4ej9x528/testfile.c -o /tmp/pip-install-40psu15g/dbus-python_0ee9677d98b14e43bf2f0a9e1a276127/.mesonpy-6x0g0783/meson-private/tmp4ej9x528/output.obj -c -D_FILE_OFFSET_BITS=64 -O0 -Wdouble-promotion
2025-11-22T04:42:00.6282092Z       
2025-11-22T04:42:00.6282353Z       Code:
2025-11-22T04:42:00.6282634Z        extern int i;
2025-11-22T04:42:00.6283112Z       int i;
2025-11-22T04:42:00.6283387Z       
2025-11-22T04:42:00.6283668Z       Cached compiler stdout:
2025-11-22T04:42:00.6284010Z       
2025-11-22T04:42:00.6284298Z       Cached compiler stderr:
2025-11-22T04:42:00.6284643Z       
2025-11-22T04:42:00.6285088Z       Compiler for C supports arguments -Wdouble-promotion: YES (cached)
2025-11-22T04:42:00.6285654Z       Running compile:
2025-11-22T04:42:00.6286573Z       Working directory:  /tmp/pip-install-40psu15g/dbus-python_0ee9677d98b14e43bf2f0a9e1a276127/.mesonpy-6x0g0783/meson-private/tmph31_7303
2025-11-22T04:42:00.6287537Z       Code:
2025-11-22T04:42:00.6287818Z       extern int i;
2025-11-22T04:42:00.6288113Z       int i;
2025-11-22T04:42:00.6288372Z       
2025-11-22T04:42:00.6288638Z       -----------
2025-11-22T04:42:00.6290933Z       Command line: `cc /tmp/pip-install-40psu15g/dbus-python_0ee9677d98b14e43bf2f0a9e1a276127/.mesonpy-6x0g0783/meson-private/tmph31_7303/testfile.c -o /tmp/pip-install-40psu15g/dbus-python_0ee9677d98b14e43bf2f0a9e1a276127/.mesonpy-6x0g0783/meson-private/tmph31_7303/output.obj -c -D_FILE_OFFSET_BITS=64 -O0 -Wduplicated-branches` -> 0
2025-11-22T04:42:00.6293243Z       Compiler for C supports arguments -Wduplicated-branches: YES
2025-11-22T04:42:00.6293802Z       Using cached compile:
2025-11-22T04:42:00.6295928Z       Cached command line:  cc /tmp/pip-install-40psu15g/dbus-python_0ee9677d98b14e43bf2f0a9e1a276127/.mesonpy-6x0g0783/meson-private/tmpic9tzaj3/testfile.c -o /tmp/pip-install-40psu15g/dbus-python_0ee9677d98b14e43bf2f0a9e1a276127/.mesonpy-6x0g0783/meson-private/tmpic9tzaj3/output.obj -c -D_FILE_OFFSET_BITS=64 -O0 -Wduplicated-cond
2025-11-22T04:42:00.6298064Z       
2025-11-22T04:42:00.6298320Z       Code:
2025-11-22T04:42:00.6298604Z        extern int i;
2025-11-22T04:42:00.6298912Z       int i;
2025-11-22T04:42:00.6299185Z       
2025-11-22T04:42:00.6299463Z       Cached compiler stdout:
2025-11-22T04:42:00.6299811Z       
2025-11-22T04:42:00.6300263Z       Cached compiler stderr:
2025-11-22T04:42:00.6300597Z       
2025-11-22T04:42:00.6301032Z       Compiler for C supports arguments -Wduplicated-cond: YES (cached)
2025-11-22T04:42:00.6301590Z       Using cached compile:
2025-11-22T04:42:00.6303670Z       Cached command line:  cc /tmp/pip-install-40psu15g/dbus-python_0ee9677d98b14e43bf2f0a9e1a276127/.mesonpy-6x0g0783/meson-private/tmp6s7dv5wo/testfile.c -o /tmp/pip-install-40psu15g/dbus-python_0ee9677d98b14e43bf2f0a9e1a276127/.mesonpy-6x0g0783/meson-private/tmp6s7dv5wo/output.obj -c -D_FILE_OFFSET_BITS=64 -O0 -Wfloat-equal
2025-11-22T04:42:00.6305760Z       
2025-11-22T04:42:00.6306016Z       Code:
2025-11-22T04:42:00.6306300Z        extern int i;
2025-11-22T04:42:00.6306598Z       int i;
2025-11-22T04:42:00.6306859Z       
2025-11-22T04:42:00.6307125Z       Cached compiler stdout:
2025-11-22T04:42:00.6307459Z       
2025-11-22T04:42:00.6307728Z       Cached compiler stderr:
2025-11-22T04:42:00.6308078Z       
2025-11-22T04:42:00.6308490Z       Compiler for C supports arguments -Wfloat-equal: YES (cached)
2025-11-22T04:42:00.6309051Z       Using cached compile:
2025-11-22T04:42:00.6311627Z       Cached command line:  cc /tmp/pip-install-40psu15g/dbus-python_0ee9677d98b14e43bf2f0a9e1a276127/.mesonpy-6x0g0783/meson-private/tmplhnahpt7/testfile.c -o /tmp/pip-install-40psu15g/dbus-python_0ee9677d98b14e43bf2f0a9e1a276127/.mesonpy-6x0g0783/meson-private/tmplhnahpt7/output.obj -c -D_FILE_OFFSET_BITS=64 -O0 -Wformat-nonliteral
2025-11-22T04:42:00.6313820Z       
2025-11-22T04:42:00.6314095Z       Code:
2025-11-22T04:42:00.6314365Z        extern int i;
2025-11-22T04:42:00.6314666Z       int i;
2025-11-22T04:42:00.6314928Z       
2025-11-22T04:42:00.6315220Z       Cached compiler stdout:
2025-11-22T04:42:00.6315572Z       
2025-11-22T04:42:00.6315853Z       Cached compiler stderr:
2025-11-22T04:42:00.6316201Z       
2025-11-22T04:42:00.6316642Z       Compiler for C supports arguments -Wformat-nonliteral: YES (cached)
2025-11-22T04:42:00.6317233Z       Using cached compile:
2025-11-22T04:42:00.6319550Z       Cached command line:  cc /tmp/pip-install-40psu15g/dbus-python_0ee9677d98b14e43bf2f0a9e1a276127/.mesonpy-6x0g0783/meson-private/tmpl5tl07cs/testfile.c -o /tmp/pip-install-40psu15g/dbus-python_0ee9677d98b14e43bf2f0a9e1a276127/.mesonpy-6x0g0783/meson-private/tmpl5tl07cs/output.obj -c -D_FILE_OFFSET_BITS=64 -O0 -Wformat-security
2025-11-22T04:42:00.6321886Z       
2025-11-22T04:42:00.6322158Z       Code:
2025-11-22T04:42:00.6322423Z        extern int i;
2025-11-22T04:42:00.6322726Z       int i;
2025-11-22T04:42:00.6322983Z       
2025-11-22T04:42:00.6323271Z       Cached compiler stdout:
2025-11-22T04:42:00.6323618Z       
2025-11-22T04:42:00.6323903Z       Cached compiler stderr:
2025-11-22T04:42:00.6324243Z       
2025-11-22T04:42:00.6324682Z       Compiler for C supports arguments -Wformat-security: YES (cached)
2025-11-22T04:42:00.6325246Z       Using cached compile:
2025-11-22T04:42:00.6327327Z       Cached command line:  cc /tmp/pip-install-40psu15g/dbus-python_0ee9677d98b14e43bf2f0a9e1a276127/.mesonpy-6x0g0783/meson-private/tmpnfxidzpl/testfile.c -o /tmp/pip-install-40psu15g/dbus-python_0ee9677d98b14e43bf2f0a9e1a276127/.mesonpy-6x0g0783/meson-private/tmpnfxidzpl/output.obj -c -D_FILE_OFFSET_BITS=64 -O0 -Wformat=2
2025-11-22T04:42:00.6329452Z       
2025-11-22T04:42:00.6329715Z       Code:
2025-11-22T04:42:00.6330265Z        extern int i;
2025-11-22T04:42:00.6330581Z       int i;
2025-11-22T04:42:00.6330850Z       
2025-11-22T04:42:00.6331135Z       Cached compiler stdout:
2025-11-22T04:42:00.6331484Z       
2025-11-22T04:42:00.6331763Z       Cached compiler stderr:
2025-11-22T04:42:00.6332106Z       
2025-11-22T04:42:00.6332508Z       Compiler for C supports arguments -Wformat=2: YES (cached)
2025-11-22T04:42:00.6333034Z       Using cached compile:
2025-11-22T04:42:00.6335108Z       Cached command line:  cc /tmp/pip-install-40psu15g/dbus-python_0ee9677d98b14e43bf2f0a9e1a276127/.mesonpy-6x0g0783/meson-private/tmph96c2pby/testfile.c -o /tmp/pip-install-40psu15g/dbus-python_0ee9677d98b14e43bf2f0a9e1a276127/.mesonpy-6x0g0783/meson-private/tmph96c2pby/output.obj -c -D_FILE_OFFSET_BITS=64 -O0 -Winit-self
2025-11-22T04:42:00.6337209Z       
2025-11-22T04:42:00.6337469Z       Code:
2025-11-22T04:42:00.6337749Z        extern int i;
2025-11-22T04:42:00.6338047Z       int i;
2025-11-22T04:42:00.6338313Z       
2025-11-22T04:42:00.6338583Z       Cached compiler stdout:
2025-11-22T04:42:00.6338951Z       
2025-11-22T04:42:00.6339225Z       Cached compiler stderr:
2025-11-22T04:42:00.6339566Z       
2025-11-22T04:42:00.6340143Z       Compiler for C supports arguments -Winit-self: YES (cached)
2025-11-22T04:42:00.6340664Z       Using cached compile:
2025-11-22T04:42:00.6342715Z       Cached command line:  cc /tmp/pip-install-40psu15g/dbus-python_0ee9677d98b14e43bf2f0a9e1a276127/.mesonpy-6x0g0783/meson-private/tmpl4_loki1/testfile.c -o /tmp/pip-install-40psu15g/dbus-python_0ee9677d98b14e43bf2f0a9e1a276127/.mesonpy-6x0g0783/meson-private/tmpl4_loki1/output.obj -c -D_FILE_OFFSET_BITS=64 -O0 -Wlogical-op
2025-11-22T04:42:00.6344844Z       
2025-11-22T04:42:00.6345115Z       Code:
2025-11-22T04:42:00.6345380Z        extern int i;
2025-11-22T04:42:00.6345693Z       int i;
2025-11-22T04:42:00.6345959Z       
2025-11-22T04:42:00.6346247Z       Cached compiler stdout:
2025-11-22T04:42:00.6346587Z       
2025-11-22T04:42:00.6346869Z       Cached compiler stderr:
2025-11-22T04:42:00.6347401Z       
2025-11-22T04:42:00.6347837Z       Compiler for C supports arguments -Wlogical-op: YES (cached)
2025-11-22T04:42:00.6348390Z       Using cached compile:
2025-11-22T04:42:00.6350799Z       Cached command line:  cc /tmp/pip-install-40psu15g/dbus-python_0ee9677d98b14e43bf2f0a9e1a276127/.mesonpy-6x0g0783/meson-private/tmp1b0h72zx/testfile.c -o /tmp/pip-install-40psu15g/dbus-python_0ee9677d98b14e43bf2f0a9e1a276127/.mesonpy-6x0g0783/meson-private/tmp1b0h72zx/output.obj -c -D_FILE_OFFSET_BITS=64 -O0 -Wmissing-declarations
2025-11-22T04:42:00.6352986Z       
2025-11-22T04:42:00.6353240Z       Code:
2025-11-22T04:42:00.6353523Z        extern int i;
2025-11-22T04:42:00.6354027Z       int i;
2025-11-22T04:42:00.6354310Z       
2025-11-22T04:42:00.6354596Z       Cached compiler stdout:
2025-11-22T04:42:00.6354943Z       
2025-11-22T04:42:00.6355223Z       Cached compiler stderr:
2025-11-22T04:42:00.6355556Z       
2025-11-22T04:42:00.6356023Z       Compiler for C supports arguments -Wmissing-declarations: YES (cached)
2025-11-22T04:42:00.6356687Z       Using cached compile:
2025-11-22T04:42:00.6358819Z       Cached command line:  cc /tmp/pip-install-40psu15g/dbus-python_0ee9677d98b14e43bf2f0a9e1a276127/.mesonpy-6x0g0783/meson-private/tmp95yv_nbf/testfile.c -o /tmp/pip-install-40psu15g/dbus-python_0ee9677d98b14e43bf2f0a9e1a276127/.mesonpy-6x0g0783/meson-private/tmp95yv_nbf/output.obj -c -D_FILE_OFFSET_BITS=64 -O0 -Wmissing-format-attribute
2025-11-22T04:42:00.6361129Z       
2025-11-22T04:42:00.6361386Z       Code:
2025-11-22T04:42:00.6361666Z        extern int i;
2025-11-22T04:42:00.6361960Z       int i;
2025-11-22T04:42:00.6362230Z       
2025-11-22T04:42:00.6362515Z       Cached compiler stdout:
2025-11-22T04:42:00.6362868Z       
2025-11-22T04:42:00.6363139Z       Cached compiler stderr:
2025-11-22T04:42:00.6363476Z       
2025-11-22T04:42:00.6363956Z       Compiler for C supports arguments -Wmissing-format-attribute: YES (cached)
2025-11-22T04:42:00.6364614Z       Using cached compile:
2025-11-22T04:42:00.6366756Z       Cached command line:  cc /tmp/pip-install-40psu15g/dbus-python_0ee9677d98b14e43bf2f0a9e1a276127/.mesonpy-6x0g0783/meson-private/tmp0xulad2c/testfile.c -o /tmp/pip-install-40psu15g/dbus-python_0ee9677d98b14e43bf2f0a9e1a276127/.mesonpy-6x0g0783/meson-private/tmp0xulad2c/output.obj -c -D_FILE_OFFSET_BITS=64 -O0 -Wmissing-include-dirs
2025-11-22T04:42:00.6368896Z       
2025-11-22T04:42:00.6369158Z       Code:
2025-11-22T04:42:00.6369430Z        extern int i;
2025-11-22T04:42:00.6369741Z       int i;
2025-11-22T04:42:00.6370268Z       
2025-11-22T04:42:00.6370552Z       Cached compiler stdout:
2025-11-22T04:42:00.6370893Z       
2025-11-22T04:42:00.6371172Z       Cached compiler stderr:
2025-11-22T04:42:00.6371509Z       
2025-11-22T04:42:00.6371956Z       Compiler for C supports arguments -Wmissing-include-dirs: YES (cached)
2025-11-22T04:42:00.6372549Z       Using cached compile:
2025-11-22T04:42:00.6374675Z       Cached command line:  cc /tmp/pip-install-40psu15g/dbus-python_0ee9677d98b14e43bf2f0a9e1a276127/.mesonpy-6x0g0783/meson-private/tmp5xsxzwov/testfile.c -o /tmp/pip-install-40psu15g/dbus-python_0ee9677d98b14e43bf2f0a9e1a276127/.mesonpy-6x0g0783/meson-private/tmp5xsxzwov/output.obj -c -D_FILE_OFFSET_BITS=64 -O0 -Wmissing-noreturn
2025-11-22T04:42:00.6376832Z       
2025-11-22T04:42:00.6377094Z       Code:
2025-11-22T04:42:00.6377361Z        extern int i;
2025-11-22T04:42:00.6377663Z       int i;
2025-11-22T04:42:00.6377918Z       
2025-11-22T04:42:00.6378205Z       Cached compiler stdout:
2025-11-22T04:42:00.6378541Z       
2025-11-22T04:42:00.6378818Z       Cached compiler stderr:
2025-11-22T04:42:00.6379150Z       
2025-11-22T04:42:00.6379593Z       Compiler for C supports arguments -Wmissing-noreturn: YES (cached)
2025-11-22T04:42:00.6380337Z       Using cached compile:
2025-11-22T04:42:00.6382621Z       Cached command line:  cc /tmp/pip-install-40psu15g/dbus-python_0ee9677d98b14e43bf2f0a9e1a276127/.mesonpy-6x0g0783/meson-private/tmpjro2i5x9/testfile.c -o /tmp/pip-install-40psu15g/dbus-python_0ee9677d98b14e43bf2f0a9e1a276127/.mesonpy-6x0g0783/meson-private/tmpjro2i5x9/output.obj -c -D_FILE_OFFSET_BITS=64 -O0 -Wnull-dereference
2025-11-22T04:42:00.6384799Z       
2025-11-22T04:42:00.6385054Z       Code:
2025-11-22T04:42:00.6385332Z        extern int i;
2025-11-22T04:42:00.6385626Z       int i;
2025-11-22T04:42:00.6385894Z       
2025-11-22T04:42:00.6386179Z       Cached compiler stdout:
2025-11-22T04:42:00.6386515Z       
2025-11-22T04:42:00.6386794Z       Cached compiler stderr:
2025-11-22T04:42:00.6387134Z       
2025-11-22T04:42:00.6387562Z       Compiler for C supports arguments -Wnull-dereference: YES (cached)
2025-11-22T04:42:00.6388320Z       Using cached compile:
2025-11-22T04:42:00.6390685Z       Cached command line:  cc /tmp/pip-install-40psu15g/dbus-python_0ee9677d98b14e43bf2f0a9e1a276127/.mesonpy-6x0g0783/meson-private/tmp3f74ctac/testfile.c -o /tmp/pip-install-40psu15g/dbus-python_0ee9677d98b14e43bf2f0a9e1a276127/.mesonpy-6x0g0783/meson-private/tmp3f74ctac/output.obj -c -D_FILE_OFFSET_BITS=64 -O0 -Wpacked
2025-11-22T04:42:00.6392801Z       
2025-11-22T04:42:00.6393060Z       Code:
2025-11-22T04:42:00.6393353Z        extern int i;
2025-11-22T04:42:00.6393651Z       int i;
2025-11-22T04:42:00.6393914Z       
2025-11-22T04:42:00.6394189Z       Cached compiler stdout:
2025-11-22T04:42:00.6394536Z       
2025-11-22T04:42:00.6394809Z       Cached compiler stderr:
2025-11-22T04:42:00.6395149Z       
2025-11-22T04:42:00.6395524Z       Compiler for C supports arguments -Wpacked: YES (cached)
2025-11-22T04:42:00.6396051Z       Using cached compile:
2025-11-22T04:42:00.6398160Z       Cached command line:  cc /tmp/pip-install-40psu15g/dbus-python_0ee9677d98b14e43bf2f0a9e1a276127/.mesonpy-6x0g0783/meson-private/tmpsmq5of5g/testfile.c -o /tmp/pip-install-40psu15g/dbus-python_0ee9677d98b14e43bf2f0a9e1a276127/.mesonpy-6x0g0783/meson-private/tmpsmq5of5g/output.obj -c -D_FILE_OFFSET_BITS=64 -O0 -Wpointer-arith
2025-11-22T04:42:00.6400457Z       
2025-11-22T04:42:00.6400717Z       Code:
2025-11-22T04:42:00.6400996Z        extern int i;
2025-11-22T04:42:00.6401305Z       int i;
2025-11-22T04:42:00.6401562Z       
2025-11-22T04:42:00.6401845Z       Cached compiler stdout:
2025-11-22T04:42:00.6402189Z       
2025-11-22T04:42:00.6402469Z       Cached compiler stderr:
2025-11-22T04:42:00.6402807Z       
2025-11-22T04:42:00.6403223Z       Compiler for C supports arguments -Wpointer-arith: YES (cached)
2025-11-22T04:42:00.6403774Z       Running compile:
2025-11-22T04:42:00.6404679Z       Working directory:  /tmp/pip-install-40psu15g/dbus-python_0ee9677d98b14e43bf2f0a9e1a276127/.mesonpy-6x0g0783/meson-private/tmp6qdlc39g
2025-11-22T04:42:00.6405659Z       Code:
2025-11-22T04:42:00.6405935Z       extern int i;
2025-11-22T04:42:00.6406235Z       int i;
2025-11-22T04:42:00.6406494Z       
2025-11-22T04:42:00.6406762Z       -----------
2025-11-22T04:42:00.6408827Z       Command line: `cc /tmp/pip-install-40psu15g/dbus-python_0ee9677d98b14e43bf2f0a9e1a276127/.mesonpy-6x0g0783/meson-private/tmp6qdlc39g/testfile.c -o /tmp/pip-install-40psu15g/dbus-python_0ee9677d98b14e43bf2f0a9e1a276127/.mesonpy-6x0g0783/meson-private/tmp6qdlc39g/output.obj -c -D_FILE_OFFSET_BITS=64 -O0 -Wredundant-decls` -> 0
2025-11-22T04:42:00.6411333Z       Compiler for C supports arguments -Wredundant-decls: YES
2025-11-22T04:42:00.6411874Z       Using cached compile:
2025-11-22T04:42:00.6413914Z       Cached command line:  cc /tmp/pip-install-40psu15g/dbus-python_0ee9677d98b14e43bf2f0a9e1a276127/.mesonpy-6x0g0783/meson-private/tmpryfqom6j/testfile.c -o /tmp/pip-install-40psu15g/dbus-python_0ee9677d98b14e43bf2f0a9e1a276127/.mesonpy-6x0g0783/meson-private/tmpryfqom6j/output.obj -c -D_FILE_OFFSET_BITS=64 -O0 -Wshadow
2025-11-22T04:42:00.6416013Z       
2025-11-22T04:42:00.6416280Z       Code:
2025-11-22T04:42:00.6416552Z        extern int i;
2025-11-22T04:42:00.6416857Z       int i;
2025-11-22T04:42:00.6417122Z       
2025-11-22T04:42:00.6417411Z       Cached compiler stdout:
2025-11-22T04:42:00.6417756Z       
2025-11-22T04:42:00.6418227Z       Cached compiler stderr:
2025-11-22T04:42:00.6418587Z       
2025-11-22T04:42:00.6418976Z       Compiler for C supports arguments -Wshadow: YES (cached)
2025-11-22T04:42:00.6419489Z       Running compile:
2025-11-22T04:42:00.6420509Z       Working directory:  /tmp/pip-install-40psu15g/dbus-python_0ee9677d98b14e43bf2f0a9e1a276127/.mesonpy-6x0g0783/meson-private/tmpbtrif5z1
2025-11-22T04:42:00.6421432Z       Code:
2025-11-22T04:42:00.6421700Z       extern int i;
2025-11-22T04:42:00.6421997Z       int i;
2025-11-22T04:42:00.6422254Z       
2025-11-22T04:42:00.6422517Z       -----------
2025-11-22T04:42:00.6424555Z       Command line: `cc /tmp/pip-install-40psu15g/dbus-python_0ee9677d98b14e43bf2f0a9e1a276127/.mesonpy-6x0g0783/meson-private/tmpbtrif5z1/testfile.c -o /tmp/pip-install-40psu15g/dbus-python_0ee9677d98b14e43bf2f0a9e1a276127/.mesonpy-6x0g0783/meson-private/tmpbtrif5z1/output.obj -c -D_FILE_OFFSET_BITS=64 -O0 -Wswitch-default` -> 0
2025-11-22T04:42:00.6427054Z       Compiler for C supports arguments -Wswitch-default: YES
2025-11-22T04:42:00.6427593Z       Using cached compile:
2025-11-22T04:42:00.6429638Z       Cached command line:  cc /tmp/pip-install-40psu15g/dbus-python_0ee9677d98b14e43bf2f0a9e1a276127/.mesonpy-6x0g0783/meson-private/tmp0gfjia8s/testfile.c -o /tmp/pip-install-40psu15g/dbus-python_0ee9677d98b14e43bf2f0a9e1a276127/.mesonpy-6x0g0783/meson-private/tmp0gfjia8s/output.obj -c -D_FILE_OFFSET_BITS=64 -O0 -Wswitch-enum
2025-11-22T04:42:00.6431992Z       
2025-11-22T04:42:00.6432255Z       Code:
2025-11-22T04:42:00.6432527Z        extern int i;
2025-11-22T04:42:00.6432830Z       int i;
2025-11-22T04:42:00.6433089Z       
2025-11-22T04:42:00.6433385Z       Cached compiler stdout:
2025-11-22T04:42:00.6433730Z       
2025-11-22T04:42:00.6434008Z       Cached compiler stderr:
2025-11-22T04:42:00.6434344Z       
2025-11-22T04:42:00.6434756Z       Compiler for C supports arguments -Wswitch-enum: YES (cached)
2025-11-22T04:42:00.6435301Z       Using cached compile:
2025-11-22T04:42:00.6437351Z       Cached command line:  cc /tmp/pip-install-40psu15g/dbus-python_0ee9677d98b14e43bf2f0a9e1a276127/.mesonpy-6x0g0783/meson-private/tmpydgblabj/testfile.c -o /tmp/pip-install-40psu15g/dbus-python_0ee9677d98b14e43bf2f0a9e1a276127/.mesonpy-6x0g0783/meson-private/tmpydgblabj/output.obj -c -D_FILE_OFFSET_BITS=64 -O0 -Wundef
2025-11-22T04:42:00.6439430Z       
2025-11-22T04:42:00.6439688Z       Code:
2025-11-22T04:42:00.6440140Z        extern int i;
2025-11-22T04:42:00.6440432Z       int i;
2025-11-22T04:42:00.6440678Z       
2025-11-22T04:42:00.6440943Z       Cached compiler stdout:
2025-11-22T04:42:00.6441293Z       
2025-11-22T04:42:00.6441570Z       Cached compiler stderr:
2025-11-22T04:42:00.6441918Z       
2025-11-22T04:42:00.6442293Z       Compiler for C supports arguments -Wundef: YES (cached)
2025-11-22T04:42:00.6442787Z       Using cached compile:
2025-11-22T04:42:00.6444917Z       Cached command line:  cc /tmp/pip-install-40psu15g/dbus-python_0ee9677d98b14e43bf2f0a9e1a276127/.mesonpy-6x0g0783/meson-private/tmpmqa1zqoe/testfile.c -o /tmp/pip-install-40psu15g/dbus-python_0ee9677d98b14e43bf2f0a9e1a276127/.mesonpy-6x0g0783/meson-private/tmpmqa1zqoe/output.obj -c -D_FILE_OFFSET_BITS=64 -O0 -Wunused-but-set-variable
2025-11-22T04:42:00.6446984Z       
2025-11-22T04:42:00.6447211Z       Code:
2025-11-22T04:42:00.6447467Z        extern int i;
2025-11-22T04:42:00.6447746Z       int i;
2025-11-22T04:42:00.6447990Z       
2025-11-22T04:42:00.6448243Z       Cached compiler stdout:
2025-11-22T04:42:00.6448560Z       
2025-11-22T04:42:00.6448937Z       Cached compiler stderr:
2025-11-22T04:42:00.6449367Z       
2025-11-22T04:42:00.6450130Z       Compiler for C supports arguments -Wunused-but-set-variable: YES (cached)
2025-11-22T04:42:00.6451107Z       Running compile:
2025-11-22T04:42:00.6452066Z       Working directory:  /tmp/pip-install-40psu15g/dbus-python_0ee9677d98b14e43bf2f0a9e1a276127/.mesonpy-6x0g0783/meson-private/tmpze0enbur
2025-11-22T04:42:00.6453087Z       Code:
2025-11-22T04:42:00.6453397Z       extern int i;
2025-11-22T04:42:00.6454088Z       int i;
2025-11-22T04:42:00.6454419Z       
2025-11-22T04:42:00.6454758Z       -----------
2025-11-22T04:42:00.6456952Z       Command line: `cc /tmp/pip-install-40psu15g/dbus-python_0ee9677d98b14e43bf2f0a9e1a276127/.mesonpy-6x0g0783/meson-private/tmpze0enbur/testfile.c -o /tmp/pip-install-40psu15g/dbus-python_0ee9677d98b14e43bf2f0a9e1a276127/.mesonpy-6x0g0783/meson-private/tmpze0enbur/output.obj -c -D_FILE_OFFSET_BITS=64 -O0 -Wwrite-strings` -> 0
2025-11-22T04:42:00.6459144Z       Compiler for C supports arguments -Wwrite-strings: YES
2025-11-22T04:42:00.6459765Z       Running compile:
2025-11-22T04:42:00.6460974Z       Working directory:  /tmp/pip-install-40psu15g/dbus-python_0ee9677d98b14e43bf2f0a9e1a276127/.mesonpy-6x0g0783/meson-private/tmp2ldl9zv_
2025-11-22T04:42:00.6462162Z       Code:
2025-11-22T04:42:00.6462512Z       extern int i;
2025-11-22T04:42:00.6462949Z       int i;
2025-11-22T04:42:00.6463356Z       
2025-11-22T04:42:00.6463670Z       -----------
2025-11-22T04:42:00.6465888Z       Command line: `cc /tmp/pip-install-40psu15g/dbus-python_0ee9677d98b14e43bf2f0a9e1a276127/.mesonpy-6x0g0783/meson-private/tmp2ldl9zv_/testfile.c -o /tmp/pip-install-40psu15g/dbus-python_0ee9677d98b14e43bf2f0a9e1a276127/.mesonpy-6x0g0783/meson-private/tmp2ldl9zv_/output.obj -c -D_FILE_OFFSET_BITS=64 -O0 -Wdeclaration-after-statement` -> 0
2025-11-22T04:42:00.6481959Z       Compiler for C supports arguments -Wdeclaration-after-statement: YES
2025-11-22T04:42:00.6482616Z       Using cached compile:
2025-11-22T04:42:00.6484695Z       Cached command line:  cc /tmp/pip-install-40psu15g/dbus-python_0ee9677d98b14e43bf2f0a9e1a276127/.mesonpy-6x0g0783/meson-private/tmpf9p3z9o2/testfile.c -o /tmp/pip-install-40psu15g/dbus-python_0ee9677d98b14e43bf2f0a9e1a276127/.mesonpy-6x0g0783/meson-private/tmpf9p3z9o2/output.obj -c -D_FILE_OFFSET_BITS=64 -O0 -Wjump-misses-init
2025-11-22T04:42:00.6486768Z       
2025-11-22T04:42:00.6487023Z       Code:
2025-11-22T04:42:00.6487292Z        extern int i;
2025-11-22T04:42:00.6487592Z       int i;
2025-11-22T04:42:00.6487840Z       
2025-11-22T04:42:00.6488117Z       Cached compiler stdout:
2025-11-22T04:42:00.6488439Z       
2025-11-22T04:42:00.6488703Z       Cached compiler stderr:
2025-11-22T04:42:00.6489027Z       
2025-11-22T04:42:00.6489443Z       Compiler for C supports arguments -Wjump-misses-init: YES (cached)
2025-11-22T04:42:00.6490252Z       Using cached compile:
2025-11-22T04:42:00.6492308Z       Cached command line:  cc /tmp/pip-install-40psu15g/dbus-python_0ee9677d98b14e43bf2f0a9e1a276127/.mesonpy-6x0g0783/meson-private/tmpsm2c07jq/testfile.c -o /tmp/pip-install-40psu15g/dbus-python_0ee9677d98b14e43bf2f0a9e1a276127/.mesonpy-6x0g0783/meson-private/tmpsm2c07jq/output.obj -c -D_FILE_OFFSET_BITS=64 -O0 -Wmissing-prototypes
2025-11-22T04:42:00.6494378Z       
2025-11-22T04:42:00.6494612Z       Code:
2025-11-22T04:42:00.6494877Z        extern int i;
2025-11-22T04:42:00.6495164Z       int i;
2025-11-22T04:42:00.6495409Z       
2025-11-22T04:42:00.6495670Z       Cached compiler stdout:
2025-11-22T04:42:00.6495993Z       
2025-11-22T04:42:00.6496258Z       Cached compiler stderr:
2025-11-22T04:42:00.6496572Z       
2025-11-22T04:42:00.6496999Z       Compiler for C supports arguments -Wmissing-prototypes: YES (cached)
2025-11-22T04:42:00.6497551Z       Using cached compile:
2025-11-22T04:42:00.6499589Z       Cached command line:  cc /tmp/pip-install-40psu15g/dbus-python_0ee9677d98b14e43bf2f0a9e1a276127/.mesonpy-6x0g0783/meson-private/tmpmlyo7kg3/testfile.c -o /tmp/pip-install-40psu15g/dbus-python_0ee9677d98b14e43bf2f0a9e1a276127/.mesonpy-6x0g0783/meson-private/tmpmlyo7kg3/output.obj -c -D_FILE_OFFSET_BITS=64 -O0 -Wnested-externs
2025-11-22T04:42:00.6501834Z       
2025-11-22T04:42:00.6502069Z       Code:
2025-11-22T04:42:00.6502334Z        extern int i;
2025-11-22T04:42:00.6502612Z       int i;
2025-11-22T04:42:00.6502860Z       
2025-11-22T04:42:00.6503121Z       Cached compiler stdout:
2025-11-22T04:42:00.6503450Z       
2025-11-22T04:42:00.6503703Z       Cached compiler stderr:
2025-11-22T04:42:00.6504225Z       
2025-11-22T04:42:00.6504643Z       Compiler for C supports arguments -Wnested-externs: YES (cached)
2025-11-22T04:42:00.6505182Z       Using cached compile:
2025-11-22T04:42:00.6507215Z       Cached command line:  cc /tmp/pip-install-40psu15g/dbus-python_0ee9677d98b14e43bf2f0a9e1a276127/.mesonpy-6x0g0783/meson-private/tmpia8q7i7z/testfile.c -o /tmp/pip-install-40psu15g/dbus-python_0ee9677d98b14e43bf2f0a9e1a276127/.mesonpy-6x0g0783/meson-private/tmpia8q7i7z/output.obj -c -D_FILE_OFFSET_BITS=64 -O0 -Wold-style-definition
2025-11-22T04:42:00.6509320Z       
2025-11-22T04:42:00.6509553Z       Code:
2025-11-22T04:42:00.6511071Z        extern int i;
2025-11-22T04:42:00.6511388Z       int i;
2025-11-22T04:42:00.6511637Z       
2025-11-22T04:42:00.6511909Z       Cached compiler stdout:
2025-11-22T04:42:00.6512239Z       
2025-11-22T04:42:00.6512498Z       Cached compiler stderr:
2025-11-22T04:42:00.6512810Z       
2025-11-22T04:42:00.6513261Z       Compiler for C supports arguments -Wold-style-definition: YES (cached)
2025-11-22T04:42:00.6513822Z       Using cached compile:
2025-11-22T04:42:00.6515867Z       Cached command line:  cc /tmp/pip-install-40psu15g/dbus-python_0ee9677d98b14e43bf2f0a9e1a276127/.mesonpy-6x0g0783/meson-private/tmp7nzifcvg/testfile.c -o /tmp/pip-install-40psu15g/dbus-python_0ee9677d98b14e43bf2f0a9e1a276127/.mesonpy-6x0g0783/meson-private/tmp7nzifcvg/output.obj -c -D_FILE_OFFSET_BITS=64 -O0 -Wpointer-sign
2025-11-22T04:42:00.6517893Z       
2025-11-22T04:42:00.6518125Z       Code:
2025-11-22T04:42:00.6518381Z        extern int i;
2025-11-22T04:42:00.6518656Z       int i;
2025-11-22T04:42:00.6518914Z       
2025-11-22T04:42:00.6519169Z       Cached compiler stdout:
2025-11-22T04:42:00.6519490Z       
2025-11-22T04:42:00.6519741Z       Cached compiler stderr:
2025-11-22T04:42:00.6520227Z       
2025-11-22T04:42:00.6520619Z       Compiler for C supports arguments -Wpointer-sign: YES (cached)
2025-11-22T04:42:00.6521137Z       Using cached compile:
2025-11-22T04:42:00.6523164Z       Cached command line:  cc /tmp/pip-install-40psu15g/dbus-python_0ee9677d98b14e43bf2f0a9e1a276127/.mesonpy-6x0g0783/meson-private/tmpk3mdus1l/testfile.c -o /tmp/pip-install-40psu15g/dbus-python_0ee9677d98b14e43bf2f0a9e1a276127/.mesonpy-6x0g0783/meson-private/tmpk3mdus1l/output.obj -c -D_FILE_OFFSET_BITS=64 -O0 -Wstrict-prototypes
2025-11-22T04:42:00.6525205Z       
2025-11-22T04:42:00.6525448Z       Code:
2025-11-22T04:42:00.6525701Z        extern int i;
2025-11-22T04:42:00.6525980Z       int i;
2025-11-22T04:42:00.6526229Z       
2025-11-22T04:42:00.6526483Z       Cached compiler stdout:
2025-11-22T04:42:00.6526798Z       
2025-11-22T04:42:00.6527055Z       Cached compiler stderr:
2025-11-22T04:42:00.6527369Z       
2025-11-22T04:42:00.6527782Z       Compiler for C supports arguments -Wstrict-prototypes: YES (cached)
2025-11-22T04:42:00.6528515Z       Pkg-config binary missing from cross or native file, or env var undefined.
2025-11-22T04:42:00.6529157Z       Trying a default Pkg-config fallback at pkg-config
2025-11-22T04:42:00.6529685Z       Found pkg-config: YES (/usr/bin/pkg-config) 1.8.1
2025-11-22T04:42:00.6530707Z       Determining dependency 'dbus-1' with pkg-config executable '/usr/bin/pkg-config'
2025-11-22T04:42:00.6531495Z       env[PKG_CONFIG_PATH]: /opt/hostedtoolcache/Python/3.12.8/x64/lib/pkgconfig
2025-11-22T04:42:00.6532082Z       env[PKG_CONFIG]: /usr/bin/pkg-config
2025-11-22T04:42:00.6532463Z       -----------
2025-11-22T04:42:00.6532844Z       Called: `/usr/bin/pkg-config --modversion dbus-1` -> 0
2025-11-22T04:42:00.6533289Z       stdout:
2025-11-22T04:42:00.6533544Z       1.14.10
2025-11-22T04:42:00.6533794Z       -----------
2025-11-22T04:42:00.6534259Z       env[PKG_CONFIG_PATH]: /opt/hostedtoolcache/Python/3.12.8/x64/lib/pkgconfig
2025-11-22T04:42:00.6534829Z       env[PKG_CONFIG]: /usr/bin/pkg-config
2025-11-22T04:42:00.6535195Z       -----------
2025-11-22T04:42:00.6535541Z       Called: `/usr/bin/pkg-config --cflags dbus-1` -> 0
2025-11-22T04:42:00.6535964Z       stdout:
2025-11-22T04:42:00.6536567Z       -I/usr/include/dbus-1.0 -I/usr/lib/x86_64-linux-gnu/dbus-1.0/include
2025-11-22T04:42:00.6537092Z       -----------
2025-11-22T04:42:00.6537546Z       env[PKG_CONFIG_PATH]: /opt/hostedtoolcache/Python/3.12.8/x64/lib/pkgconfig
2025-11-22T04:42:00.6538108Z       env[PKG_CONFIG_ALLOW_SYSTEM_LIBS]: 1
2025-11-22T04:42:00.6538518Z       env[PKG_CONFIG]: /usr/bin/pkg-config
2025-11-22T04:42:00.6538893Z       -----------
2025-11-22T04:42:00.6539238Z       Called: `/usr/bin/pkg-config --libs dbus-1` -> 0
2025-11-22T04:42:00.6539655Z       stdout:
2025-11-22T04:42:00.6540097Z       -L/usr/lib/x86_64-linux-gnu -ldbus-1
2025-11-22T04:42:00.6540659Z       -----------
2025-11-22T04:42:00.6541119Z       env[PKG_CONFIG_PATH]: /opt/hostedtoolcache/Python/3.12.8/x64/lib/pkgconfig
2025-11-22T04:42:00.6541706Z       env[PKG_CONFIG]: /usr/bin/pkg-config
2025-11-22T04:42:00.6542080Z       -----------
2025-11-22T04:42:00.6542425Z       Called: `/usr/bin/pkg-config --libs dbus-1` -> 0
2025-11-22T04:42:00.6542850Z       stdout:
2025-11-22T04:42:00.6543100Z       -ldbus-1
2025-11-22T04:42:00.6543362Z       -----------
2025-11-22T04:42:00.6543637Z       Running compile:
2025-11-22T04:42:00.6544512Z       Working directory:  /tmp/pip-install-40psu15g/dbus-python_0ee9677d98b14e43bf2f0a9e1a276127/.mesonpy-6x0g0783/meson-private/tmp94t2lqnw
2025-11-22T04:42:00.6545421Z       Code:
2025-11-22T04:42:00.6545671Z       
2025-11-22T04:42:00.6545934Z               #include<stddef.h>
2025-11-22T04:42:00.6546286Z               #include<stdio.h>
2025-11-22T04:42:00.6546627Z               int main(void) {
2025-11-22T04:42:00.6547003Z                   printf("%ld\n", (long)(sizeof(void *)));
2025-11-22T04:42:00.6547425Z                   return 0;
2025-11-22T04:42:00.6547721Z               }
2025-11-22T04:42:00.6547993Z       -----------
2025-11-22T04:42:00.6550070Z       Command line: `cc /tmp/pip-install-40psu15g/dbus-python_0ee9677d98b14e43bf2f0a9e1a276127/.mesonpy-6x0g0783/meson-private/tmp94t2lqnw/testfile.c -o /tmp/pip-install-40psu15g/dbus-python_0ee9677d98b14e43bf2f0a9e1a276127/.mesonpy-6x0g0783/meson-private/tmp94t2lqnw/output.exe -D_FILE_OFFSET_BITS=64 -O0` -> 0
2025-11-22T04:42:00.6552031Z       Program stdout:
2025-11-22T04:42:00.6552326Z       
2025-11-22T04:42:00.6552565Z       8
2025-11-22T04:42:00.6552804Z       
2025-11-22T04:42:00.6553050Z       Program stderr:
2025-11-22T04:42:00.6553339Z       
2025-11-22T04:42:00.6553568Z       
2025-11-22T04:42:00.6553820Z       Running compile:
2025-11-22T04:42:00.6554680Z       Working directory:  /tmp/pip-install-40psu15g/dbus-python_0ee9677d98b14e43bf2f0a9e1a276127/.mesonpy-6x0g0783/meson-private/tmpwsplvmkc
2025-11-22T04:42:00.6555604Z       Code:
2025-11-22T04:42:00.6555847Z       
2025-11-22T04:42:00.6556092Z       -----------
2025-11-22T04:42:00.6558129Z       Command line: `cc /tmp/pip-install-40psu15g/dbus-python_0ee9677d98b14e43bf2f0a9e1a276127/.mesonpy-6x0g0783/meson-private/tmpwsplvmkc/testfile.c -o /tmp/pip-install-40psu15g/dbus-python_0ee9677d98b14e43bf2f0a9e1a276127/.mesonpy-6x0g0783/meson-private/tmpwsplvmkc/output.obj -c -D_FILE_OFFSET_BITS=64 -O0 --print-search-dirs` -> 0
2025-11-22T04:42:00.6560327Z       stdout:
2025-11-22T04:42:00.6560649Z       install: /usr/lib/gcc/x86_64-linux-gnu/13/
2025-11-22T04:42:00.6562884Z       programs: =/usr/libexec/gcc/x86_64-linux-gnu/13/:/usr/libexec/gcc/x86_64-linux-gnu/13/:/usr/libexec/gcc/x86_64-linux-gnu/:/usr/lib/gcc/x86_64-linux-gnu/13/:/usr/lib/gcc/x86_64-linux-gnu/:/usr/lib/gcc/x86_64-linux-gnu/13/../../../../x86_64-linux-gnu/bin/x86_64-linux-gnu/13/:/usr/lib/gcc/x86_64-linux-gnu/13/../../../../x86_64-linux-gnu/bin/x86_64-linux-gnu/:/usr/lib/gcc/x86_64-linux-gnu/13/../../../../x86_64-linux-gnu/bin/
2025-11-22T04:42:00.6568187Z       libraries: =/usr/lib/gcc/x86_64-linux-gnu/13/:/usr/lib/gcc/x86_64-linux-gnu/13/../../../../x86_64-linux-gnu/lib/x86_64-linux-gnu/13/:/usr/lib/gcc/x86_64-linux-gnu/13/../../../../x86_64-linux-gnu/lib/x86_64-linux-gnu/:/usr/lib/gcc/x86_64-linux-gnu/13/../../../../x86_64-linux-gnu/lib/../lib/:/usr/lib/gcc/x86_64-linux-gnu/13/../../../x86_64-linux-gnu/13/:/usr/lib/gcc/x86_64-linux-gnu/13/../../../x86_64-linux-gnu/:/usr/lib/gcc/x86_64-linux-gnu/13/../../../../lib/:/lib/x86_64-linux-gnu/13/:/lib/x86_64-linux-gnu/:/lib/../lib/:/usr/lib/x86_64-linux-gnu/13/:/usr/lib/x86_64-linux-gnu/:/usr/lib/../lib/:/usr/lib/gcc/x86_64-linux-gnu/13/../../../../x86_64-linux-gnu/lib/:/usr/lib/gcc/x86_64-linux-gnu/13/../../../:/lib/:/usr/lib/
2025-11-22T04:42:00.6571721Z       -----------
2025-11-22T04:42:00.6572152Z       Run-time dependency dbus-1 found: YES 1.14.10
2025-11-22T04:42:00.6572828Z       Determining dependency 'glib-2.0' with pkg-config executable '/usr/bin/pkg-config'
2025-11-22T04:42:00.6573770Z       env[PKG_CONFIG_PATH]: /opt/hostedtoolcache/Python/3.12.8/x64/lib/pkgconfig
2025-11-22T04:42:00.6574356Z       env[PKG_CONFIG]: /usr/bin/pkg-config
2025-11-22T04:42:00.6574733Z       -----------
2025-11-22T04:42:00.6575118Z       Called: `/usr/bin/pkg-config --modversion glib-2.0` -> 1
2025-11-22T04:42:00.6575578Z       stderr:
2025-11-22T04:42:00.6575979Z       Package glib-2.0 was not found in the pkg-config search path.
2025-11-22T04:42:00.6576608Z       Perhaps you should add the directory containing `glib-2.0.pc'
2025-11-22T04:42:00.6577154Z       to the PKG_CONFIG_PATH environment variable
2025-11-22T04:42:00.6577683Z       Package 'glib-2.0', required by 'virtual:world', not found
2025-11-22T04:42:00.6578143Z       -----------
2025-11-22T04:42:00.6578469Z       CMake binary for host machine is not cached
2025-11-22T04:42:00.6579037Z       CMake binary missing from cross or native file, or env var undefined.
2025-11-22T04:42:00.6579624Z       Trying a default CMake fallback at cmake
2025-11-22T04:42:00.6580216Z       Found CMake: /usr/local/bin/cmake (3.31.6)
2025-11-22T04:42:00.6580643Z       Extracting basic cmake information
2025-11-22T04:42:00.6581184Z       CMake Toolchain: Calling CMake once to generate the compiler state
2025-11-22T04:42:00.6582489Z       Calling CMake (['/usr/local/bin/cmake']) in /tmp/pip-install-40psu15g/dbus-python_0ee9677d98b14e43bf2f0a9e1a276127/.mesonpy-6x0g0783/meson-private/__CMake_compiler_info__ with:
2025-11-22T04:42:00.6583692Z         - "--trace-expand"
2025-11-22T04:42:00.6584078Z         - "--trace-format=json-v1"
2025-11-22T04:42:00.6584482Z         - "--no-warn-unused-cli"
2025-11-22T04:42:00.6584904Z         - "--trace-redirect=cmake_trace.txt"
2025-11-22T04:42:00.6585318Z         - "-G"
2025-11-22T04:42:00.6585604Z         - "Ninja"
2025-11-22T04:42:00.6586809Z         - "-DCMAKE_TOOLCHAIN_FILE=/tmp/pip-install-40psu15g/dbus-python_0ee9677d98b14e43bf2f0a9e1a276127/.mesonpy-6x0g0783/meson-private/__CMake_compiler_info__/CMakeMesonTempToolchainFile.cmake"
2025-11-22T04:42:00.6588115Z         - "."
2025-11-22T04:42:00.6588624Z       CMake trace warning: add_executable() non imported executables are not supported
2025-11-22T04:42:00.6590707Z       CMake TRACE: /tmp/pip-install-40psu15g/dbus-python_0ee9677d98b14e43bf2f0a9e1a276127/.mesonpy-6x0g0783/meson-private/__CMake_compiler_info__/CMakeFiles/CMakeScratch/TryCompile-P3SfkT/CMakeLists.txt:22 add_executable(['cmTC_532c0'])
2025-11-22T04:42:00.6592462Z       CMake trace warning: target_link_libraries() TARGET cmTC_532c0 not found
2025-11-22T04:42:00.6594279Z       CMake TRACE: /tmp/pip-install-40psu15g/dbus-python_0ee9677d98b14e43bf2f0a9e1a276127/.mesonpy-6x0g0783/meson-private/__CMake_compiler_info__/CMakeFiles/CMakeScratch/TryCompile-P3SfkT/CMakeLists.txt:28 target_link_libraries(['cmTC_532c0', ''])
2025-11-22T04:42:00.6596744Z       !meson_ci!/ci_include "/tmp/pip-install-40psu15g/dbus-python_0ee9677d98b14e43bf2f0a9e1a276127/.mesonpy-6x0g0783/meson-private/cmake_glib-2.0/CMakeMesonToolchainFile.cmake"
2025-11-22T04:42:00.6597971Z       Try CMake generator: auto
2025-11-22T04:42:00.6599028Z       !meson_ci!/ci_include "/tmp/pip-install-40psu15g/dbus-python_0ee9677d98b14e43bf2f0a9e1a276127/.mesonpy-6x0g0783/meson-private/cmake_glib-2.0/CMakeLists.txt"
2025-11-22T04:42:00.6601237Z       Calling CMake (['/usr/local/bin/cmake']) in /tmp/pip-install-40psu15g/dbus-python_0ee9677d98b14e43bf2f0a9e1a276127/.mesonpy-6x0g0783/meson-private/cmake_glib-2.0 with:
2025-11-22T04:42:00.6602428Z         - "--trace-expand"
2025-11-22T04:42:00.6602794Z         - "--trace-format=json-v1"
2025-11-22T04:42:00.6603192Z         - "--no-warn-unused-cli"
2025-11-22T04:42:00.6603592Z         - "--trace-redirect=cmake_trace.txt"
2025-11-22T04:42:00.6604832Z         - "-DCMAKE_TOOLCHAIN_FILE=/tmp/pip-install-40psu15g/dbus-python_0ee9677d98b14e43bf2f0a9e1a276127/.mesonpy-6x0g0783/meson-private/cmake_glib-2.0/CMakeMesonToolchainFile.cmake"
2025-11-22T04:42:00.6606037Z         - "."
2025-11-22T04:42:00.6606630Z         -- Module search paths:    ['/', '/opt', '/usr', '/usr/local']
2025-11-22T04:42:00.6607221Z         -- CMake root:             /usr/local/share/cmake-3.31
2025-11-22T04:42:00.6607744Z         -- CMake architectures:    ['x86_64-linux-gnu']
2025-11-22T04:42:00.6608451Z         -- CMake lib search paths: ['lib', 'lib32', 'lib64', 'libx32', 'share', '', 'lib/x86_64-linux-gnu']
2025-11-22T04:42:00.6609152Z       Preliminary CMake check failed. Aborting.
2025-11-22T04:42:00.6609765Z       Run-time dependency glib-2.0 found: NO (tried pkgconfig and cmake)
2025-11-22T04:42:00.6610544Z       
2025-11-22T04:42:00.6611217Z       ../subprojects/dbus-gmain/meson.build:108:11: ERROR: Dependency "glib-2.0" not found, tried pkgconfig and cmake
2025-11-22T04:42:00.6611979Z       
2025-11-22T04:42:00.6612619Z ##[endgroup]
2025-11-22T04:42:00.6612900Z       
2025-11-22T04:42:00.6613155Z       [end of output]
2025-11-22T04:42:00.6613456Z   
2025-11-22T04:42:00.6613953Z   note: This error originates from a subprocess, and is likely not a problem with pip.
2025-11-22T04:42:00.6614679Z error: metadata-generation-failed
2025-11-22T04:42:00.6614956Z 
2025-11-22T04:42:00.6615479Z × Encountered error while generating package metadata.
2025-11-22T04:42:00.6616027Z ╰─> dbus-python
2025-11-22T04:42:00.6616215Z 
2025-11-22T04:42:00.6616475Z note: This is an issue with the package mentioned above, not pip.
2025-11-22T04:42:00.6617003Z hint: See above for details.
2025-11-22T04:42:00.8348320Z ##[error]Process completed with exit code 1.
2025-11-22T04:42:00.8437835Z Post job cleanup.
2025-11-22T04:42:00.9437363Z [command]/usr/bin/git version
2025-11-22T04:42:00.9485852Z git version 2.51.2
2025-11-22T04:42:00.9533775Z Temporarily overriding HOME='/home/runner/work/_temp/585e757e-fdaf-4e51-9412-d771f43d5b7c' before making global git config changes
2025-11-22T04:42:00.9537074Z Adding repository directory to the temporary git global config as a safe directory
2025-11-22T04:42:00.9551032Z [command]/usr/bin/git config --global --add safe.directory /home/runner/work/OmniMind/OmniMind
2025-11-22T04:42:00.9590895Z [command]/usr/bin/git config --local --name-only --get-regexp core\.sshCommand
2025-11-22T04:42:00.9630118Z [command]/usr/bin/git submodule foreach --recursive sh -c "git config --local --name-only --get-regexp 'core\.sshCommand' && git config --local --unset-all 'core.sshCommand' || :"
2025-11-22T04:42:00.9886645Z [command]/usr/bin/git config --local --name-only --get-regexp http\.https\:\/\/github\.com\/\.extraheader
2025-11-22T04:42:00.9911588Z http.https://github.com/.extraheader
2025-11-22T04:42:00.9926153Z [command]/usr/bin/git config --local --unset-all http.https://github.com/.extraheader
2025-11-22T04:42:00.9961836Z [command]/usr/bin/git submodule foreach --recursive sh -c "git config --local --name-only --get-regexp 'http\.https\:\/\/github\.com\/\.extraheader' && git config --local --unset-all 'http.https://github.com/.extraheader' || :"
2025-11-22T04:42:01.0205031Z [command]/usr/bin/git config --local --name-only --get-regexp ^includeIf\.gitdir:
2025-11-22T04:42:01.0241564Z [command]/usr/bin/git submodule foreach --recursive git config --local --show-origin --name-only --get-regexp remote.origin.url
2025-11-22T04:42:01.0603623Z Cleaning up orphan processes
